Archive member included to satisfy reference by file (symbol)

app/libapp.a(main.c.obj)      (--whole-archive)
zephyr/libzephyr.a(validate_libc.c.obj)
                              (--whole-archive)
zephyr/libzephyr.a(heap.c.obj)
                              (--whole-archive)
zephyr/libzephyr.a(boot_banner.c.obj)
                              (--whole-archive)
zephyr/libzephyr.a(cbprintf_packaged.c.obj)
                              (--whole-archive)
zephyr/libzephyr.a(clock.c.obj)
                              (--whole-archive)
zephyr/libzephyr.a(printk.c.obj)
                              (--whole-archive)
zephyr/libzephyr.a(cbprintf_complete.c.obj)
                              (--whole-archive)
zephyr/libzephyr.a(assert.c.obj)
                              (--whole-archive)
zephyr/libzephyr.a(dec.c.obj)
                              (--whole-archive)
zephyr/libzephyr.a(hex.c.obj)
                              (--whole-archive)
zephyr/libzephyr.a(rb.c.obj)  (--whole-archive)
zephyr/libzephyr.a(set.c.obj)
                              (--whole-archive)
zephyr/libzephyr.a(timeutil.c.obj)
                              (--whole-archive)
zephyr/libzephyr.a(bitarray.c.obj)
                              (--whole-archive)
zephyr/libzephyr.a(bitmask.c.obj)
                              (--whole-archive)
zephyr/libzephyr.a(getopt.c.obj)
                              (--whole-archive)
zephyr/libzephyr.a(getopt_common.c.obj)
                              (--whole-archive)
zephyr/libzephyr.a(ring_buffer.c.obj)
                              (--whole-archive)
zephyr/libzephyr.a(word_granular_access_string.c.obj)
                              (--whole-archive)
zephyr/libzephyr.a(configs.c.obj)
                              (--whole-archive)
zephyr/libzephyr.a(instr_mem.c.obj)
                              (--whole-archive)
zephyr/libzephyr.a(soc.c.obj)
                              (--whole-archive)
zephyr/libzephyr.a(esp32-mp.c.obj)
                              (--whole-archive)
zephyr/libzephyr.a(loader.c.obj)
                              (--whole-archive)
zephyr/libzephyr.a(hw_init.c.obj)
                              (--whole-archive)
zephyr/libzephyr.a(tracing_none.c.obj)
                              (--whole-archive)
zephyr/libzephyr.a(windowspill_asm.S.obj)
                              (--whole-archive)
zephyr/libzephyr.a(esp_efuse_api.c.obj)
                              (--whole-archive)
zephyr/libzephyr.a(esp_efuse_fields.c.obj)
                              (--whole-archive)
zephyr/libzephyr.a(esp_efuse_utility.c.obj)
                              (--whole-archive)
zephyr/libzephyr.a(esp_efuse_table.c.obj)
                              (--whole-archive)
zephyr/libzephyr.a(esp_efuse_fields.c.obj)
                              (--whole-archive)
zephyr/libzephyr.a(esp_efuse_utility.c.obj)
                              (--whole-archive)
zephyr/libzephyr.a(esp_efuse_api_key.c.obj)
                              (--whole-archive)
zephyr/libzephyr.a(flash_encrypt.c.obj)
                              (--whole-archive)
zephyr/libzephyr.a(esp_gpio_reserve.c.obj)
                              (--whole-archive)
zephyr/libzephyr.a(cache_esp32.c.obj)
                              (--whole-archive)
zephyr/libzephyr.a(mmu_hal.c.obj)
                              (--whole-archive)
zephyr/libzephyr.a(spi_flash_encrypt_hal_iram.c.obj)
                              (--whole-archive)
zephyr/libzephyr.a(spi_flash_hal.c.obj)
                              (--whole-archive)
zephyr/libzephyr.a(spi_flash_hal_iram.c.obj)
                              (--whole-archive)
zephyr/libzephyr.a(cache_hal_esp32.c.obj)
                              (--whole-archive)
zephyr/libzephyr.a(esp_flash_api.c.obj)
                              (--whole-archive)
zephyr/libzephyr.a(esp_flash_spi_init.c.obj)
                              (--whole-archive)
zephyr/libzephyr.a(flash_mmap.c.obj)
                              (--whole-archive)
zephyr/libzephyr.a(flash_ops.c.obj)
                              (--whole-archive)
zephyr/libzephyr.a(memspi_host_driver.c.obj)
                              (--whole-archive)
zephyr/libzephyr.a(spi_flash_chip_boya.c.obj)
                              (--whole-archive)
zephyr/libzephyr.a(spi_flash_chip_drivers.c.obj)
                              (--whole-archive)
zephyr/libzephyr.a(spi_flash_chip_gd.c.obj)
                              (--whole-archive)
zephyr/libzephyr.a(spi_flash_chip_generic.c.obj)
                              (--whole-archive)
zephyr/libzephyr.a(spi_flash_chip_issi.c.obj)
                              (--whole-archive)
zephyr/libzephyr.a(spi_flash_chip_mxic.c.obj)
                              (--whole-archive)
zephyr/libzephyr.a(spi_flash_chip_mxic_opi.c.obj)
                              (--whole-archive)
zephyr/libzephyr.a(spi_flash_chip_th.c.obj)
                              (--whole-archive)
zephyr/libzephyr.a(spi_flash_chip_winbond.c.obj)
                              (--whole-archive)
[...]
Memory Configuration

Name             Origin             Length             Attributes
FLASH            0x00000000         0x003fff00         r
iram0_0_seg      0x40080000         0x00037400         xr
dram0_0_seg      0x3ffb0000         0x00030000         rw
dram1_0_seg      0x3ffe8c00         0x00017400         rw
irom0_0_seg      0x400d0000         0x00b30000         xr
drom0_0_seg      0x3f400000         0x00400000         r
rtc_iram_seg     0x400c0000         0x00002000         xrw
rtc_slow_seg     0x50000000         0x00002000         rw
rtc_data_seg     0x3ff80000         0x00002000         rw
IDT_LIST         0x3ebfe010         0x00002000         rw
*default*        0x00000000         0xffffffff

Linker script and memory map

                0x400d243c                        vfprintf = __l_vfprintf
                0x00000000                        vfscanf = __l_vfscanf
LOAD zephyr/CMakeFiles/zephyr_pre0.dir/misc/empty_file.c.obj
LOAD zephyr/CMakeFiles/offsets.dir/./arch/xtensa/core/offsets/offsets.c.obj
LOAD app/libapp.a
LOAD zephyr/libzephyr.a
LOAD zephyr/arch/common/libarch__common.a
LOAD zephyr/arch/arch/xtensa/core/libarch__xtensa__core.a
LOAD zephyr/lib/libc/picolibc/liblib__libc__picolibc.a
LOAD zephyr/lib/libc/common/liblib__libc__common.a
LOAD zephyr/subsys/portability/posix/c_lib_ext/libsubsys__portability__posix__c_lib_ext.a
LOAD zephyr/drivers/interrupt_controller/libdrivers__interrupt_controller.a
LOAD zephyr/drivers/clock_control/libdrivers__clock_control.a
LOAD zephyr/drivers/console/libdrivers__console.a
LOAD zephyr/drivers/gpio/libdrivers__gpio.a
LOAD zephyr/drivers/pinctrl/libdrivers__pinctrl.a
LOAD zephyr/drivers/serial/libdrivers__serial.a
LOAD zephyr/drivers/timer/libdrivers__timer.a
LOAD zephyr/kernel/libkernel.a
LOAD zephyr/arch/common/libisr_tables.a
LOAD /home/yuvan66/zephyr-sdk-1.0.1/gnu/xtensa-espressif_esp32_zephyr-elf/bin/../lib/gcc/xtensa-espressif_esp32_zephyr-elf/14.3.0/space/libgcc.a
LOAD /home/yuvan66/zephyr-sdk-1.0.1/gnu/xtensa-espressif_esp32_zephyr-elf/bin/../lib/gcc/xtensa-espressif_esp32_zephyr-elf/14.3.0/../../../../xtensa-espressif_esp32_zephyr-elf/lib/space/libc.a
LOAD /home/yuvan66/zephyr-sdk-1.0.1/gnu/xtensa-espressif_esp32_zephyr-elf/bin/../lib/gcc/xtensa-espressif_esp32_zephyr-elf/14.3.0/space/libgcc.a
                0x400b7400                        procpu_iram0_end = 0x400b7400
                0x40080000                        procpu_iram0_org = 0x40080000
                0x00037400                        procpu_iram0_len = (procpu_iram0_end - procpu_iram0_org)
                0x3ffe0000                        procpu_dram0_end = 0x3ffe0000
                0x3ffb0000                        procpu_dram0_org = 0x3ffb0000
                0x00030000                        procpu_dram0_len = 0x30000
                0x3ffe8c00                        procpu_dram1_org = 0x3ffe8c00
                0x00017400                        procpu_dram1_len = 0x17400
                0x400d0000                        procpu_irom_org = 0x400d0000
                0x00b30000                        procpu_irom_len = 0xb30000
                0x3f400000                        procpu_drom_org = 0x3f400000
                0x00400000                        procpu_drom_len = 0x400000
                0x50000000                        rtc_slow_org = 0x50000000
                0x00002000                        rtc_slow_len = 0x2000
                0x3ff80000                        rtc_data_org = 0x3ff80000
                0x00002000                        rtc_data_len = 0x2000
                0x400c0000                        rtc_iram_org = 0x400c0000
                0x00002000                        rtc_iram_len = 0x2000
                0x00000000                        _rom_store_table = 0x0
                [!provide]                        PROVIDE (_memmap_vecbase_reset = 0x40000450)
                [!provide]                        PROVIDE (_memmap_reset_vector = 0x40000400)
                0x3ffe0000                        _heap_sentry = 0x3ffe0000
                0x0002d198                        _libc_heap_size = (_heap_sentry - _end)

.rel.plt        0x00000000        0x0
 *(SORT_BY_ALIGNMENT(.rel.plt))
                [!provide]                        PROVIDE (__rel_iplt_start = .)
 *(SORT_BY_ALIGNMENT(.rel.iplt))
                [!provide]                        PROVIDE (__rel_iplt_end = .)

.rela.plt       0x00000000        0x0
 *(SORT_BY_ALIGNMENT(.rela.plt))
                [!provide]                        PROVIDE (__rela_iplt_start = .)
 *(SORT_BY_ALIGNMENT(.rela.iplt))
                [!provide]                        PROVIDE (__rela_iplt_end = .)

.rel.dyn
 *(SORT_BY_ALIGNMENT(.rel.*))

.rela.dyn
 *(SORT_BY_ALIGNMENT(.rela.*))

.rtc.text       0x400c0000        0x0 load address 0x00000000
                0x400c0000                        . = ALIGN (0x4)
 *(SORT_BY_ALIGNMENT(.rtc.literal) SORT_BY_ALIGNMENT(.rtc.literal.*))
 *(SORT_BY_ALIGNMENT(.rtc.text) SORT_BY_ALIGNMENT(.rtc.text.*))
                0x400c0000                        . = ALIGN (0x4)

.rtc.dummy      0x3ff80000        0x0 load address 0x00000000
                0x00000000                        . = SIZEOF (.rtc.text)

.rtc.force_fast
                0x3ff80000        0x0 load address 0x00000000
                0x3ff80000                        . = ALIGN (0x4)
 *(SORT_BY_ALIGNMENT(.rtc.force_fast) SORT_BY_ALIGNMENT(.rtc.force_fast.*))
                0x3ff80000                        . = ALIGN (0x4)

.rtc.data       0x50000000        0x0 load address 0x00000000
                0x50000000                        . = ALIGN (0x4)
                0x50000000                        _rtc_data_start = ABSOLUTE (.)
 *(SORT_BY_ALIGNMENT(.rtc.data) SORT_BY_ALIGNMENT(.rtc.data.*))
 *(SORT_BY_ALIGNMENT(.rtc.rodata) SORT_BY_ALIGNMENT(.rtc.rodata.*))
                0x50000000                        . = ALIGN (0x4)

.rtc.bss        0x50000000        0x0 load address 0x00000000
                0x50000000                        _rtc_bss_start = ABSOLUTE (.)
 *(SORT_BY_ALIGNMENT(.rtc.bss) SORT_BY_ALIGNMENT(.rtc.bss.*))
                0x50000000                        _rtc_bss_end = ABSOLUTE (.)

.rtc_noinit     0x50000000        0x0 load address 0x00000000
                0x50000000                        . = ALIGN (0x4)
 *(SORT_BY_ALIGNMENT(.rtc_noinit) SORT_BY_ALIGNMENT(.rtc_noinit.*))
                0x50000000                        . = ALIGN (0x4)

.rtc.force_slow
                0x50000000       0x28 load address 0x00000000
                0x50000000                        . = ALIGN (0x4)
 *(SORT_BY_ALIGNMENT(.rtc.force_slow) SORT_BY_ALIGNMENT(.rtc.force_slow.*))
 .rtc.force_slow.1
                0x50000000       0x28 zephyr/libzephyr.a(sleep_modes.c.obj)
                0x50000028                        . = ALIGN (0x4)
                0x50000028                        _rtc_force_slow_end = ABSOLUTE (.)
                0x00000028                        _rtc_slow_length = (_rtc_force_slow_end - _rtc_data_start)
                0x00000000                        _rtc_slow_reserved_length = 0x0
                0x00000000                        _rtc_reserved_length = _rtc_slow_reserved_length

.iram0.vectors  0x40080000      0x400 load address 0x00000028
                0x40080000                        _init_start = ABSOLUTE (.)
                0x00000000                        . = 0x0
 *(SORT_BY_ALIGNMENT(.WindowVectors.text))
 .WindowVectors.text
                0x40080000      0x16a zephyr/arch/arch/xtensa/core/libarch__xtensa__core.a(window_vectors.S.obj)
                0x40080000                _WindowOverflow4
                0x40080040                _WindowUnderflow4
                0x40080050                _xt_alloca_exc
                0x40080080                _WindowOverflow8
                0x400800c0                _WindowUnderflow8
                0x40080100                _WindowOverflow12
                0x40080140                _WindowUnderflow12
                0x00000180                        . = 0x180
 *fill*         0x4008016a       0x16 
 *(SORT_BY_ALIGNMENT(.Level2InterruptVector.text))
 .Level2InterruptVector.text
                0x40080180       0x2d zephyr/arch/arch/xtensa/core/libarch__xtensa__core.a(xtensa_asm2_util.S.obj)
                0x40080180                _Level2Vector
                0x000001c0                        . = 0x1c0
 *fill*         0x400801ad       0x13 
 *(SORT_BY_ALIGNMENT(.Level3InterruptVector.text))
 .Level3InterruptVector.text
                0x400801c0       0x29 zephyr/arch/arch/xtensa/core/libarch__xtensa__core.a(xtensa_asm2_util.S.obj)
                                 0x2d (size before relaxing)
                0x400801c0                _Level3Vector
                0x00000200                        . = 0x200
 *fill*         0x400801e9       0x17 
 *(SORT_BY_ALIGNMENT(.Level4InterruptVector.text))
 .Level4InterruptVector.text
                0x40080200       0x29 zephyr/arch/arch/xtensa/core/libarch__xtensa__core.a(xtensa_asm2_util.S.obj)
                                 0x2d (size before relaxing)
                0x40080200                _Level4Vector
                0x00000240                        . = 0x240
 *fill*         0x40080229       0x17 
 *(SORT_BY_ALIGNMENT(.Level5InterruptVector.text))
 .Level5InterruptVector.text
                0x40080240       0x29 zephyr/arch/arch/xtensa/core/libarch__xtensa__core.a(xtensa_asm2_util.S.obj)
                                 0x2d (size before relaxing)
                0x40080240                _Level5Vector
                0x00000280                        . = 0x280
 *fill*         0x40080269       0x17 
 *(SORT_BY_ALIGNMENT(.DebugExceptionVector.text))
 .DebugExceptionVector.text
                0x40080280       0x29 zephyr/arch/arch/xtensa/core/libarch__xtensa__core.a(xtensa_asm2_util.S.obj)
                                 0x2d (size before relaxing)
                0x40080280                _Level6Vector
                0x000002c0                        . = 0x2c0
 *fill*         0x400802a9       0x17 
 *(SORT_BY_ALIGNMENT(.NMIExceptionVector.text))
 .NMIExceptionVector.text
                0x400802c0       0x29 zephyr/arch/arch/xtensa/core/libarch__xtensa__core.a(xtensa_asm2_util.S.obj)
                                 0x2d (size before relaxing)
                0x400802c0                _Level7Vector
                0x00000300                        . = 0x300
 *fill*         0x400802e9       0x17 
 *(SORT_BY_ALIGNMENT(.KernelExceptionVector.text))
 .KernelExceptionVector.text
                0x40080300        0x3 zephyr/arch/arch/xtensa/core/libarch__xtensa__core.a(xtensa_asm2_util.S.obj)
                0x40080300                _KernelExceptionVector
                0x00000340                        . = 0x340
 *fill*         0x40080303       0x3d 
 *(SORT_BY_ALIGNMENT(.UserExceptionVector.text))
 .UserExceptionVector.text
                0x40080340       0x16 zephyr/arch/arch/xtensa/core/libarch__xtensa__core.a(xtensa_asm2_util.S.obj)
                0x40080340                _Level1RealVector
                0x000003c0                        . = 0x3c0
 *fill*         0x40080356       0x6a 
 *(SORT_BY_ALIGNMENT(.DoubleExceptionVector.text))
 .DoubleExceptionVector.text
                0x400803c0        0x3 zephyr/arch/arch/xtensa/core/libarch__xtensa__core.a(xtensa_asm2_util.S.obj)
                0x400803c0                _DoubleExceptionVector
                0x00000400                        . = 0x400
 *fill*         0x400803c3       0x3d 
 *(SORT_BY_ALIGNMENT(.*Vector.literal))
 *(SORT_BY_ALIGNMENT(.UserEnter.literal))
 *(SORT_BY_ALIGNMENT(.UserEnter.text))
                0x40080400                        . = ALIGN (0x10)
 *(SORT_BY_ALIGNMENT(.entry.text))
 *(SORT_BY_ALIGNMENT(.init.literal))
 *(.init)
                0x40080400                        _init_end = ABSOLUTE (.)
                0x40080400                        _iram_start = ABSOLUTE (.)

.iram0.text     0x40080400     0x7584 load address 0x00000428
                0x40080400                        _iram_text_start = ABSOLUTE (.)
 *(SORT_BY_ALIGNMENT(.iram1) SORT_BY_ALIGNMENT(.iram1.*))
 .iram1.0.literal
                0x40080400        0x0 zephyr/libzephyr.a(soc.c.obj)
                                 0x10 (size before relaxing)
 .iram1.2.literal
                0x40080400        0x4 zephyr/libzephyr.a(soc.c.obj)
                                  0x8 (size before relaxing)
 .iram1.3.literal
                0x40080404        0x4 zephyr/libzephyr.a(cache_esp32.c.obj)
 .iram1.3.literal
                0x40080408        0x4 zephyr/libzephyr.a(esp_flash_api.c.obj)
 .iram1.1.literal
                0x4008040c        0x4 zephyr/libzephyr.a(flash_mmap.c.obj)
                                  0xc (size before relaxing)
 .iram1.7.literal
                0x40080410        0x4 zephyr/libzephyr.a(spi_flash_os_func_noos.c.obj)
                                  0x8 (size before relaxing)
 .iram1.6.literal
                0x40080414        0x4 zephyr/libzephyr.a(spi_flash_os_func_noos.c.obj)
                                  0x8 (size before relaxing)
 .iram1.6.literal
                0x40080418       0x10 zephyr/libzephyr.a(bootloader_flash_config_esp32.c.obj)
 .iram1.0.literal
                0x40080428        0x4 zephyr/libzephyr.a(bootloader_efuse.c.obj)
 .iram1.2.literal
                0x4008042c        0x8 zephyr/libzephyr.a(esp_clk.c.obj)
 .iram1.4.literal
                0x40080434        0x4 zephyr/libzephyr.a(periph_ctrl.c.obj)
 .iram1.5.literal
                0x40080438        0x0 zephyr/libzephyr.a(periph_ctrl.c.obj)
                                  0x8 (size before relaxing)
 .iram1.2.literal
                0x40080438        0x4 zephyr/libzephyr.a(rtc_clk.c.obj)
 .iram1.4.literal
                0x4008043c        0x4 zephyr/libzephyr.a(rtc_clk.c.obj)
 .iram1.5.literal
                0x40080440        0x4 zephyr/libzephyr.a(rtc_clk.c.obj)
 .iram1.0.literal
                0x40080444       0x1c zephyr/libzephyr.a(rtc_clk.c.obj)
                                 0x24 (size before relaxing)
 .iram1.1.literal
                0x40080460        0x4 zephyr/libzephyr.a(esp_mmu_map.c.obj)
 .iram1.0.literal
                0x40080464        0xc zephyr/libzephyr.a(esp_rom_gpio.c.obj)
 .iram1.2.literal
                0x40080470        0xc zephyr/libzephyr.a(esp_rom_serial_output.c.obj)
 .iram1.0.literal
                0x4008047c        0x8 zephyr/libzephyr.a(efuse_hal.c.obj)
                                  0xc (size before relaxing)
 .iram1.1.literal
                0x40080484        0x0 zephyr/libzephyr.a(efuse_hal.c.obj)
                                  0x4 (size before relaxing)
 .iram1.0.literal
                0x40080484        0x0 zephyr/libzephyr.a(efuse_hal.c.obj)
                                  0x8 (size before relaxing)
 .iram1.7.literal
                0x40080484       0x24 zephyr/libzephyr.a(bootloader_flash.c.obj)
                                 0x28 (size before relaxing)
 .iram1.8.literal
                0x400804a8        0x0 zephyr/libzephyr.a(bootloader_flash.c.obj)
                                  0x4 (size before relaxing)
 .iram1.6.literal
                0x400804a8        0x0 zephyr/libzephyr.a(bootloader_flash.c.obj)
                                 0x3c (size before relaxing)
 .iram1.9.literal
                0x400804a8        0x0 zephyr/libzephyr.a(bootloader_flash.c.obj)
                                  0x4 (size before relaxing)
 .iram1.10.literal
                0x400804a8        0x4 zephyr/libzephyr.a(bootloader_flash.c.obj)
                                  0x8 (size before relaxing)
 .iram1.12.literal
                0x400804ac       0x14 zephyr/libzephyr.a(bootloader_flash.c.obj)
                                 0x40 (size before relaxing)
 .iram1.literal
                0x400804c0        0x0 zephyr/arch/arch/xtensa/core/libarch__xtensa__core.a(debug_helpers_asm.S.obj)
                                  0x4 (size before relaxing)
 .iram1.4.literal
                0x400804c0        0x4 zephyr/drivers/interrupt_controller/libdrivers__interrupt_controller.a(intc_esp32.c.obj)
                                  0xc (size before relaxing)
 .iram1.7.literal
                0x400804c4        0x8 zephyr/drivers/gpio/libdrivers__gpio.a(gpio_esp32.c.obj)
                                 0x10 (size before relaxing)
 .iram1.0.literal
                0x400804cc       0x24 zephyr/drivers/gpio/libdrivers__gpio.a(gpio_esp32.c.obj)
                                 0x48 (size before relaxing)
 .literal.xtensa_exccause
                0x400804f0        0x8 zephyr/arch/arch/xtensa/core/libarch__xtensa__core.a(fatal.c.obj)
 .literal.xtensa_fatal_error
                0x400804f8        0x0 zephyr/arch/arch/xtensa/core/libarch__xtensa__core.a(fatal.c.obj)
                                  0xc (size before relaxing)
 .literal       0x400804f8        0x4 zephyr/arch/arch/xtensa/core/libarch__xtensa__core.a(xtensa_asm2_util.S.obj)
                                  0x8 (size before relaxing)
 .literal.z_irq_spurious
                0x400804fc        0x0 zephyr/arch/arch/xtensa/core/libarch__xtensa__core.a(irq_manage.c.obj)
                                  0x4 (size before relaxing)
 .literal.arch_new_thread
                0x400804fc        0xc zephyr/arch/arch/xtensa/core/libarch__xtensa__core.a(thread.c.obj)
 .literal.xtensa_handle_irq_lvl
                0x40080508        0x8 zephyr/arch/arch/xtensa/core/libarch__xtensa__core.a(vector_handlers.c.obj)
 .literal.return_to
                0x40080510        0x4 zephyr/arch/arch/xtensa/core/libarch__xtensa__core.a(vector_handlers.c.obj)
                                  0x8 (size before relaxing)
 .literal.xtensa_is_outside_stack_bounds
                0x40080514        0x4 zephyr/arch/arch/xtensa/core/libarch__xtensa__core.a(vector_handlers.c.obj)
                                  0x8 (size before relaxing)
 .literal.xtensa_is_frame_pointer_valid
                0x40080518        0x0 zephyr/arch/arch/xtensa/core/libarch__xtensa__core.a(vector_handlers.c.obj)
                                  0x8 (size before relaxing)
 .literal.xtensa_dump_stack
                0x40080518       0x1c zephyr/arch/arch/xtensa/core/libarch__xtensa__core.a(vector_handlers.c.obj)
                                 0x3c (size before relaxing)
 .literal.xtensa_int2_c
                0x40080534        0x0 zephyr/arch/arch/xtensa/core/libarch__xtensa__core.a(vector_handlers.c.obj)
                                  0x8 (size before relaxing)
 .literal.xtensa_int3_c
                0x40080534        0x0 zephyr/arch/arch/xtensa/core/libarch__xtensa__core.a(vector_handlers.c.obj)
                                  0x8 (size before relaxing)
 .literal.xtensa_int4_c
                0x40080534        0x0 zephyr/arch/arch/xtensa/core/libarch__xtensa__core.a(vector_handlers.c.obj)
                                  0x8 (size before relaxing)
 .literal.xtensa_int5_c
                0x40080534        0x0 zephyr/arch/arch/xtensa/core/libarch__xtensa__core.a(vector_handlers.c.obj)
                                  0x8 (size before relaxing)
 .literal.xtensa_int6_c
                0x40080534        0x0 zephyr/arch/arch/xtensa/core/libarch__xtensa__core.a(vector_handlers.c.obj)
                                  0x8 (size before relaxing)
 .literal.xtensa_nmi_c
                0x40080534        0x0 zephyr/arch/arch/xtensa/core/libarch__xtensa__core.a(vector_handlers.c.obj)
                                  0x8 (size before relaxing)
 .literal.xtensa_excint1_c
                0x40080534       0x24 zephyr/arch/arch/xtensa/core/libarch__xtensa__core.a(vector_handlers.c.obj)
                                 0x60 (size before relaxing)
 .literal.z_prep_c
                0x40080558        0x0 zephyr/arch/arch/xtensa/core/libarch__xtensa__core.a(prep_c.c.obj)
                                  0x8 (size before relaxing)
 .literal.xtensa_cpu_process_stack_pc
                0x40080558        0x8 zephyr/arch/arch/xtensa/core/libarch__xtensa__core.a(xtensa_backtrace.c.obj)
 .literal.xtensa_stack_ptr_is_sane
                0x40080560        0x8 zephyr/arch/arch/xtensa/core/libarch__xtensa__core.a(xtensa_backtrace.c.obj)
                                  0xc (size before relaxing)
 .literal.xtensa_backtrace_get_next_frame
                0x40080568        0x0 zephyr/arch/arch/xtensa/core/libarch__xtensa__core.a(xtensa_backtrace.c.obj)
                                 0x10 (size before relaxing)
 .literal.xtensa_backtrace_print
                0x40080568       0x10 zephyr/arch/arch/xtensa/core/libarch__xtensa__core.a(xtensa_backtrace.c.obj)
                                 0x4c (size before relaxing)
 .literal.z_isr_install
                0x40080578        0x0 zephyr/arch/common/libarch__common.a(dynamic_isr.c.obj)
                                  0x8 (size before relaxing)
 .literal.arch_irq_connect_dynamic
                0x40080578        0x0 zephyr/arch/common/libarch__common.a(dynamic_isr.c.obj)
                                  0x4 (size before relaxing)
 .literal.arch_early_memset
                0x40080578        0x0 zephyr/arch/common/libarch__common.a(init.c.obj)
                                  0x4 (size before relaxing)
 .literal.arch_bss_zero
                0x40080578        0x8 zephyr/arch/common/libarch__common.a(init.c.obj)
                                  0xc (size before relaxing)
 .literal.k_sys_fatal_error_handler
                0x40080580        0x0 zephyr/kernel/libkernel.a(fatal.c.obj)
                                  0x4 (size before relaxing)
 .literal.z_fatal_error
                0x40080580        0x0 zephyr/kernel/libkernel.a(fatal.c.obj)
                                  0xc (size before relaxing)
 .literal.z_sys_init_run_level
                0x40080580        0x4 zephyr/kernel/libkernel.a(init.c.obj)
                                  0x8 (size before relaxing)
 .literal.bg_thread_main
                0x40080584       0x18 zephyr/kernel/libkernel.a(init.c.obj)
                                 0x3c (size before relaxing)
 .literal.z_init_cpu
                0x4008059c        0xc zephyr/kernel/libkernel.a(init.c.obj)
                                 0x18 (size before relaxing)
 .literal.z_cstart
                0x400805a8       0x14 zephyr/kernel/libkernel.a(init.c.obj)
                                 0x48 (size before relaxing)
 .literal.idle  0x400805bc        0x0 zephyr/kernel/libkernel.a(idle.c.obj)
                                  0x4 (size before relaxing)
 .literal.z_setup_new_thread
                0x400805bc        0x0 zephyr/kernel/libkernel.a(thread.c.obj)
                                  0x8 (size before relaxing)
 .literal.z_dummy_thread_init
                0x400805bc        0x0 zephyr/kernel/libkernel.a(thread.c.obj)
                                  0x8 (size before relaxing)
 .literal.z_impl_k_wakeup
                0x400805bc        0x4 zephyr/kernel/libkernel.a(thread.c.obj)
                                 0x10 (size before relaxing)
 .literal.z_thread_abort
                0x400805c0        0x0 zephyr/kernel/libkernel.a(thread.c.obj)
                                  0x8 (size before relaxing)
 .literal.z_impl_k_thread_abort
                0x400805c0        0x0 zephyr/kernel/libkernel.a(thread.c.obj)
                                  0x4 (size before relaxing)
 .literal.z_impl_k_yield
                0x400805c0        0x0 zephyr/kernel/libkernel.a(thread.c.obj)
                                  0x4 (size before relaxing)
 .literal.unpend_thread_no_timeout
                0x400805c0        0x0 zephyr/kernel/libkernel.a(sched.c.obj)
                                  0x4 (size before relaxing)
 .literal.unready_thread
                0x400805c0        0x4 zephyr/kernel/libkernel.a(sched.c.obj)
                                 0x10 (size before relaxing)
 .literal.ready_thread
                0x400805c4        0x0 zephyr/kernel/libkernel.a(sched.c.obj)
                                  0xc (size before relaxing)
 .literal.z_swap$isra$0
                0x400805c4        0x0 zephyr/kernel/libkernel.a(sched.c.obj)
                                  0xc (size before relaxing)
 .literal.reschedule$isra$0
                0x400805c4        0x0 zephyr/kernel/libkernel.a(sched.c.obj)
                                  0x8 (size before relaxing)
 .literal.move_current_to_end_of_prio_q
                0x400805c4        0x0 zephyr/kernel/libkernel.a(sched.c.obj)
                                  0xc (size before relaxing)
 .literal.z_ready_thread
                0x400805c4        0x0 zephyr/kernel/libkernel.a(sched.c.obj)
                                  0x4 (size before relaxing)
 .literal.z_sched_ready_locked
                0x400805c4        0x0 zephyr/kernel/libkernel.a(sched.c.obj)
                                  0x4 (size before relaxing)
 .literal.z_sched_unready_locked
                0x400805c4        0x0 zephyr/kernel/libkernel.a(sched.c.obj)
                                  0x4 (size before relaxing)
 .literal.z_thread_halt
                0x400805c4        0x0 zephyr/kernel/libkernel.a(sched.c.obj)
                                 0x38 (size before relaxing)
 .literal.z_sched_lock_reschedule
                0x400805c4        0x0 zephyr/kernel/libkernel.a(sched.c.obj)
                                 0x10 (size before relaxing)
 .literal.z_sched_yield
                0x400805c4        0x0 zephyr/kernel/libkernel.a(sched.c.obj)
                                 0x10 (size before relaxing)
 .literal.z_sched_wake_thread_locked
                0x400805c4        0x0 zephyr/kernel/libkernel.a(sched.c.obj)
                                  0x8 (size before relaxing)
 .literal.z_thread_timeout
                0x400805c4        0x0 zephyr/kernel/libkernel.a(sched.c.obj)
                                  0x8 (size before relaxing)
 .literal.z_reschedule
                0x400805c4        0x0 zephyr/kernel/libkernel.a(sched.c.obj)
                                  0x4 (size before relaxing)
 .literal.z_get_next_switch_handle
                0x400805c4        0x0 zephyr/kernel/libkernel.a(sched.c.obj)
                                  0x4 (size before relaxing)
 .literal.z_tick_sleep
                0x400805c4        0x0 zephyr/kernel/libkernel.a(sleep.c.obj)
                                 0x20 (size before relaxing)
 .literal.z_impl_k_sleep
                0x400805c4        0x4 zephyr/kernel/libkernel.a(sleep.c.obj)
                                  0x8 (size before relaxing)
 .literal.z_sched_init
                0x400805c8        0x0 zephyr/kernel/libkernel.a(scheduler.c.obj)
                                  0x8 (size before relaxing)
 .literal.k_sched_lock
                0x400805c8        0x0 zephyr/kernel/libkernel.a(scheduler.c.obj)
                                  0x4 (size before relaxing)
 .literal.k_sched_unlock
                0x400805c8        0x0 zephyr/kernel/libkernel.a(scheduler.c.obj)
                                  0x8 (size before relaxing)
 .literal.z_impl_k_sched_current_thread_query
                0x400805c8        0x0 zephyr/kernel/libkernel.a(scheduler.c.obj)
                                  0x4 (size before relaxing)
 .literal.z_time_slice_size
                0x400805c8        0x8 zephyr/kernel/libkernel.a(timeslicing.c.obj)
                                  0xc (size before relaxing)
 .literal.slice_timeout
                0x400805d0        0xc zephyr/kernel/libkernel.a(timeslicing.c.obj)
 .literal.slice_reset
                0x400805dc        0x4 zephyr/kernel/libkernel.a(timeslicing.c.obj)
                                 0x18 (size before relaxing)
 .literal.z_time_slice_reset
                0x400805e0        0x0 zephyr/kernel/libkernel.a(timeslicing.c.obj)
                                  0x8 (size before relaxing)
 .literal.z_time_slice
                0x400805e0        0x0 zephyr/kernel/libkernel.a(timeslicing.c.obj)
                                 0x14 (size before relaxing)
 .literal.z_timeout_q_first
                0x400805e0        0x4 zephyr/kernel/libkernel.a(timeout.c.obj)
 .literal.next_timeout
                0x400805e4        0x4 zephyr/kernel/libkernel.a(timeout.c.obj)
                                  0x8 (size before relaxing)
 .literal.elapsed
                0x400805e8        0x4 zephyr/kernel/libkernel.a(timeout.c.obj)
                                  0x8 (size before relaxing)
 .literal.z_add_timeout
                0x400805ec        0x4 zephyr/kernel/libkernel.a(timeout.c.obj)
                                 0x24 (size before relaxing)
 .literal.z_try_abort_timeout
                0x400805f0        0x4 zephyr/kernel/libkernel.a(timeout.c.obj)
                                 0x18 (size before relaxing)
 .literal.z_timeout_inflight_superseded
                0x400805f4        0x0 zephyr/kernel/libkernel.a(timeout.c.obj)
                                  0x4 (size before relaxing)
 .literal.sys_clock_announce_locked
                0x400805f4        0x4 zephyr/kernel/libkernel.a(timeout.c.obj)
                                 0x28 (size before relaxing)
 .literal.sys_clock_tick_get
                0x400805f8        0x0 zephyr/kernel/libkernel.a(timeout.c.obj)
                                  0x8 (size before relaxing)
 .literal.sys_clock_tick_get_32
                0x400805f8        0x0 zephyr/kernel/libkernel.a(timeout.c.obj)
                                  0x4 (size before relaxing)
 .literal.k_free
                0x400805f8        0x0 zephyr/kernel/libkernel.a(mempool.c.obj)
                                  0x4 (size before relaxing)
 .literal.k_malloc
                0x400805f8        0x8 zephyr/kernel/libkernel.a(mempool.c.obj)
                                  0xc (size before relaxing)
 .literal.k_thread_system_pool_assign
                0x40080600        0x0 zephyr/kernel/libkernel.a(mempool.c.obj)
                                  0x4 (size before relaxing)
 .literal.k_heap_init
                0x40080600        0x0 zephyr/kernel/libkernel.a(kheap.c.obj)
                                  0x4 (size before relaxing)
 .literal.statics_init
                0x40080600        0x8 zephyr/kernel/libkernel.a(kheap.c.obj)
                                  0xc (size before relaxing)
 .literal       0x40080608        0x4 zephyr/libzephyr.a(windowspill_asm.S.obj)
 .literal.char_out
                0x4008060c        0x4 zephyr/libzephyr.a(printk.c.obj)
 .literal.vprintk
                0x40080610        0x4 zephyr/libzephyr.a(printk.c.obj)
                                  0xc (size before relaxing)
 .literal.printk
                0x40080614        0x0 zephyr/libzephyr.a(printk.c.obj)
                                  0x4 (size before relaxing)
 .literal.map_rom_segments
                0x40080614       0x74 zephyr/libzephyr.a(loader.c.obj)
                                 0xa4 (size before relaxing)
 .literal.__start
                0x40080688       0x18 zephyr/libzephyr.a(loader.c.obj)
                                 0x48 (size before relaxing)
 .literal.esp_flash_config
                0x400806a0        0x8 zephyr/libzephyr.a(flash_init.c.obj)
                                 0x24 (size before relaxing)
 .literal.flash_update_id
                0x400806a8        0x0 zephyr/libzephyr.a(soc_flash_init.c.obj)
                                  0x8 (size before relaxing)
 .literal.flash_cs_timing_config
                0x400806a8        0x0 zephyr/libzephyr.a(soc_flash_init.c.obj)
                                 0x10 (size before relaxing)
 .literal.flash_gpio_config
                0x400806a8       0x24 zephyr/libzephyr.a(soc_flash_init.c.obj)
                                 0x54 (size before relaxing)
 .literal.flash_dummy_config
                0x400806cc        0x8 zephyr/libzephyr.a(soc_flash_init.c.obj)
                                  0xc (size before relaxing)
 .literal.init_spi_flash
                0x400806d4       0x3c zephyr/libzephyr.a(soc_flash_init.c.obj)
                                 0x74 (size before relaxing)
 .literal.esp_console_init
                0x40080710       0x10 zephyr/libzephyr.a(console_init.c.obj)
                                 0x1c (size before relaxing)
 .literal.soc_random_enable
                0x40080720       0x48 zephyr/libzephyr.a(soc_random.c.obj)
                                 0x4c (size before relaxing)
 .literal.soc_random_disable
                0x40080768        0x8 zephyr/libzephyr.a(soc_random.c.obj)
                                 0x44 (size before relaxing)
 .literal.print_banner
                0x40080770       0x10 zephyr/libzephyr.a(soc_init.c.obj)
                                 0x1c (size before relaxing)
 .literal.read_bootloader_header
                0x40080780        0x4 zephyr/libzephyr.a(soc_init.c.obj)
                                 0x14 (size before relaxing)
 .literal.config_wdt
                0x40080784        0x8 zephyr/libzephyr.a(soc_init.c.obj)
                                 0x24 (size before relaxing)
 .literal.check_bootloader_validity
                0x4008078c       0x1c zephyr/libzephyr.a(soc_init.c.obj)
                                 0x4c (size before relaxing)
 .literal.wdt_reset_info_dump
                0x400807a8       0x30 zephyr/libzephyr.a(soc_init.c.obj)
                                 0x34 (size before relaxing)
 .literal.wdt_reset_cpu0_info_enable
                0x400807d8        0x4 zephyr/libzephyr.a(soc_init.c.obj)
 .literal.check_wdt_reset
                0x400807dc        0x8 zephyr/libzephyr.a(soc_init.c.obj)
                                 0x18 (size before relaxing)
 .literal.reset_mmu
                0x400807e4        0x4 zephyr/libzephyr.a(soc_init.c.obj)
                                 0x14 (size before relaxing)
 .literal.bootloader_clock_configure
                0x400807e8       0x18 zephyr/libzephyr.a(soc_init.c.obj)
                                 0x38 (size before relaxing)
 .literal.hardware_init
                0x40080800        0x8 zephyr/libzephyr.a(hw_init.c.obj)
                                 0x48 (size before relaxing)
 .literal.rtc_gpio_is_valid_gpio
                0x40080808        0x0 zephyr/libzephyr.a(rtc_io.c.obj)
                                  0x4 (size before relaxing)
 .literal.rtc_gpio_pullup_en
                0x40080808        0x4 zephyr/libzephyr.a(rtc_io.c.obj)
                                 0x14 (size before relaxing)
 .literal.rtc_gpio_pullup_dis
                0x4008080c        0x0 zephyr/libzephyr.a(rtc_io.c.obj)
                                 0x14 (size before relaxing)
 .literal.rtc_gpio_pulldown_en
                0x4008080c        0x0 zephyr/libzephyr.a(rtc_io.c.obj)
                                 0x14 (size before relaxing)
 .literal.rtc_gpio_pulldown_dis
                0x4008080c        0x0 zephyr/libzephyr.a(rtc_io.c.obj)
                                 0x14 (size before relaxing)
 .literal.rtc_clk_32k_enable_common
                0x4008080c        0xc zephyr/libzephyr.a(rtc_clk.c.obj)
 .literal.rtc_clk_bbpll_disable
                0x40080818        0xc zephyr/libzephyr.a(rtc_clk.c.obj)
 .literal.rtc_clk_32k_enable
                0x40080824        0x8 zephyr/libzephyr.a(rtc_clk.c.obj)
                                 0x10 (size before relaxing)
 .literal.rtc_clk_32k_enable_external
                0x4008082c        0x0 zephyr/libzephyr.a(rtc_clk.c.obj)
                                  0x4 (size before relaxing)
 .literal.rtc_clk_8m_enable
                0x4008082c        0x4 zephyr/libzephyr.a(rtc_clk.c.obj)
                                  0xc (size before relaxing)
 .literal.rtc_clk_slow_src_set
                0x40080830        0x0 zephyr/libzephyr.a(rtc_clk.c.obj)
                                 0x18 (size before relaxing)
 .literal.rtc_clk_slow_src_get
                0x40080830        0x0 zephyr/libzephyr.a(rtc_clk.c.obj)
                                  0x4 (size before relaxing)
 .literal.rtc_clk_fast_src_set
                0x40080830        0x0 zephyr/libzephyr.a(rtc_clk.c.obj)
                                 0x10 (size before relaxing)
 .literal.rtc_clk_cpu_freq_mhz_to_config
                0x40080830        0x0 zephyr/libzephyr.a(rtc_clk.c.obj)
                                  0x4 (size before relaxing)
 .literal.rtc_clk_cpu_freq_get_config
                0x40080830        0xc zephyr/libzephyr.a(rtc_clk.c.obj)
                                 0x20 (size before relaxing)
 .literal.rtc_clk_xtal_freq_update
                0x4008083c        0x4 zephyr/libzephyr.a(rtc_clk.c.obj)
                                  0x8 (size before relaxing)
 .literal.rtc_clk_cpu_freq_to_pll_mhz
                0x40080840       0x1c zephyr/libzephyr.a(rtc_clk.c.obj)
                                 0x50 (size before relaxing)
 .literal.rtc_clk_cpu_freq_set_config
                0x4008085c       0x28 zephyr/libzephyr.a(rtc_clk.c.obj)
                                 0xbc (size before relaxing)
 .literal.rtc_clk_apb_freq_get
                0x40080884        0x8 zephyr/libzephyr.a(rtc_clk.c.obj)
                                  0xc (size before relaxing)
 .literal.rtc_init
                0x4008088c       0x50 zephyr/libzephyr.a(rtc_init.c.obj)
                                 0x8c (size before relaxing)
 .literal.rtc_vddsdio_get_config
                0x400808dc        0x8 zephyr/libzephyr.a(rtc_init.c.obj)
                                  0xc (size before relaxing)
 .literal.rtc_vddsdio_set_config
                0x400808e4        0x0 zephyr/libzephyr.a(rtc_init.c.obj)
                                  0x4 (size before relaxing)
 .literal.rtc_clk_cal_internal
                0x400808e4       0x18 zephyr/libzephyr.a(rtc_time.c.obj)
                                 0x44 (size before relaxing)
 .literal.rtc_clk_cal
                0x400808fc        0x0 zephyr/libzephyr.a(rtc_time.c.obj)
                                 0x14 (size before relaxing)
 .literal.rtc_clk_wait_for_slow_cycle
                0x400808fc        0x8 zephyr/libzephyr.a(rtc_time.c.obj)
                                 0x24 (size before relaxing)
 .literal.rtc_clk_freq_cal
                0x40080904        0x0 zephyr/libzephyr.a(rtc_time.c.obj)
                                  0x4 (size before relaxing)
 .literal.ccompare_isr
                0x40080904        0x8 zephyr/drivers/timer/libdrivers__timer.a(xtensa_sys_timer.c.obj)
                                  0xc (size before relaxing)
 .literal.sys_clock_set_timeout
                0x4008090c        0x4 zephyr/drivers/timer/libdrivers__timer.a(xtensa_sys_timer.c.obj)
                                  0xc (size before relaxing)
 .literal.sys_clock_elapsed
                0x40080910        0x0 zephyr/drivers/timer/libdrivers__timer.a(xtensa_sys_timer.c.obj)
                                  0x8 (size before relaxing)
 .literal.console_out
                0x40080910        0x4 zephyr/drivers/console/libdrivers__console.a(uart_console.c.obj)
 .literal.mmu_hal_ctx_init
                0x40080914        0x4 zephyr/libzephyr.a(mmu_hal.c.obj)
 .literal.mmu_hal_unmap_all
                0x40080918        0x8 zephyr/libzephyr.a(mmu_hal.c.obj)
                                  0xc (size before relaxing)
 .literal.cache_sync
                0x40080920        0x4 zephyr/libzephyr.a(cache_esp32.c.obj)
 .literal.wdt_hal_write_protect_disable
                0x40080924        0x4 zephyr/libzephyr.a(wdt_hal_iram.c.obj)
 .literal.spi_flash_hal_configure_host_io_mode
                0x40080928        0x8 zephyr/libzephyr.a(spi_flash_hal_iram.c.obj)
                                 0x20 (size before relaxing)
 .literal.spi_flash_hal_common_command
                0x40080930        0x0 zephyr/libzephyr.a(spi_flash_hal_iram.c.obj)
                                 0x18 (size before relaxing)
 .literal.spi_flash_hal_read
                0x40080930        0x0 zephyr/libzephyr.a(spi_flash_hal_iram.c.obj)
                                  0xc (size before relaxing)
 .literal.spi_flash_hal_program_page
                0x40080930        0x0 zephyr/libzephyr.a(spi_flash_hal_iram.c.obj)
                                  0x8 (size before relaxing)
 .literal.spi_flash_hal_check_status
                0x40080930        0x4 zephyr/libzephyr.a(spi_flash_hal_iram.c.obj)
                                  0x8 (size before relaxing)
 .literal.spi_flash_hal_resume
                0x40080934        0x0 zephyr/libzephyr.a(spi_flash_hal_iram.c.obj)
                                  0x4 (size before relaxing)
 .literal.spi_flash_hal_suspend
                0x40080934        0x0 zephyr/libzephyr.a(spi_flash_hal_iram.c.obj)
                                  0x4 (size before relaxing)
 .literal.spi_flash_encryption_hal_enable
                0x40080934        0x4 zephyr/libzephyr.a(spi_flash_encrypt_hal_iram.c.obj)
 .literal.spi_flash_encryption_hal_disable
                0x40080938        0x0 zephyr/libzephyr.a(spi_flash_encrypt_hal_iram.c.obj)
                                  0x4 (size before relaxing)
 .literal.spi_flash_encryption_hal_prepare
                0x40080938        0xc zephyr/libzephyr.a(spi_flash_encrypt_hal_iram.c.obj)
 .literal.spi_flash_encryption_hal_done
                0x40080944        0x4 zephyr/libzephyr.a(spi_flash_encrypt_hal_iram.c.obj)
 .literal.spi_flash_chip_gd_suspend_cmd_conf
                0x40080948        0x4 zephyr/libzephyr.a(spi_flash_chip_gd.c.obj)
 .literal.spi_flash_chip_gd_get_io_mode
                0x4008094c        0x0 zephyr/libzephyr.a(spi_flash_chip_gd.c.obj)
                                  0x4 (size before relaxing)
 .literal.spi_flash_chip_gd_set_io_mode
                0x4008094c       0x10 zephyr/libzephyr.a(spi_flash_chip_gd.c.obj)
                                 0x14 (size before relaxing)
 .literal.spi_flash_chip_generic_reset
                0x4008095c        0x0 zephyr/libzephyr.a(spi_flash_chip_generic.c.obj)
                                  0x8 (size before relaxing)
 .literal.spi_flash_chip_generic_config_host_io_mode
                0x4008095c        0xc zephyr/libzephyr.a(spi_flash_chip_generic.c.obj)
 .literal.spi_flash_chip_generic_get_caps
                0x40080968        0x0 zephyr/libzephyr.a(spi_flash_chip_generic.c.obj)
                                  0x4 (size before relaxing)
 .literal.spi_flash_chip_generic_suspend_cmd_conf
                0x40080968        0x0 zephyr/libzephyr.a(spi_flash_chip_generic.c.obj)
                                  0x4 (size before relaxing)
 .literal.spi_flash_chip_generic_read
                0x40080968        0x0 zephyr/libzephyr.a(spi_flash_chip_generic.c.obj)
                                  0x8 (size before relaxing)
 .literal.spi_flash_chip_generic_write
                0x40080968        0x0 zephyr/libzephyr.a(spi_flash_chip_generic.c.obj)
                                  0x8 (size before relaxing)
 .literal.spi_flash_chip_generic_get_write_protect
                0x40080968        0x0 zephyr/libzephyr.a(spi_flash_chip_generic.c.obj)
                                  0x4 (size before relaxing)
 .literal.spi_flash_chip_generic_yield
                0x40080968        0x0 zephyr/libzephyr.a(spi_flash_chip_generic.c.obj)
                                  0x4 (size before relaxing)
 .literal.spi_flash_chip_generic_read_unique_id
                0x40080968        0xc zephyr/libzephyr.a(spi_flash_chip_generic.c.obj)
                                 0x14 (size before relaxing)
 .literal.spi_flash_chip_generic_write_encrypted
                0x40080974        0x8 zephyr/libzephyr.a(spi_flash_chip_generic.c.obj)
 .literal.spi_flash_common_read_qe_sr$constprop$0$isra$0
                0x4008097c        0x0 zephyr/libzephyr.a(spi_flash_chip_generic.c.obj)
                                  0x4 (size before relaxing)
 .literal.spi_flash_common_read_status_16b_rdsr_rdsr2
                0x4008097c        0x0 zephyr/libzephyr.a(spi_flash_chip_generic.c.obj)
                                  0x8 (size before relaxing)
 .literal.spi_flash_common_write_qe_sr$isra$0
                0x4008097c        0x0 zephyr/libzephyr.a(spi_flash_chip_generic.c.obj)
                                  0x4 (size before relaxing)
 .literal.spi_flash_common_write_status_16b_wrsr
                0x4008097c        0x0 zephyr/libzephyr.a(spi_flash_chip_generic.c.obj)
                                  0x4 (size before relaxing)
 .literal.spi_flash_chip_generic_erase_block
                0x4008097c        0x0 zephyr/libzephyr.a(spi_flash_chip_generic.c.obj)
                                  0x4 (size before relaxing)
 .literal.spi_flash_chip_generic_erase_sector
                0x4008097c        0x0 zephyr/libzephyr.a(spi_flash_chip_generic.c.obj)
                                  0x4 (size before relaxing)
 .literal.spi_flash_chip_generic_page_program
                0x4008097c        0x0 zephyr/libzephyr.a(spi_flash_chip_generic.c.obj)
                                  0x4 (size before relaxing)
 .literal.spi_flash_common_read_status_8b_rdsr2
                0x4008097c        0x0 zephyr/libzephyr.a(spi_flash_chip_generic.c.obj)
                                  0x4 (size before relaxing)
 .literal.spi_flash_chip_generic_get_io_mode
                0x4008097c        0x0 zephyr/libzephyr.a(spi_flash_chip_generic.c.obj)
                                  0x4 (size before relaxing)
 .literal.spi_flash_common_read_status_8b_rdsr
                0x4008097c        0x0 zephyr/libzephyr.a(spi_flash_chip_generic.c.obj)
                                  0x4 (size before relaxing)
 .literal.spi_flash_common_write_status_8b_wrsr
                0x4008097c        0x0 zephyr/libzephyr.a(spi_flash_chip_generic.c.obj)
                                  0x4 (size before relaxing)
 .literal.spi_flash_common_write_status_8b_wrsr2
                0x4008097c        0x0 zephyr/libzephyr.a(spi_flash_chip_generic.c.obj)
                                  0x4 (size before relaxing)
 .literal.spi_flash_common_set_io_mode
                0x4008097c        0x0 zephyr/libzephyr.a(spi_flash_chip_generic.c.obj)
                                  0x4 (size before relaxing)
 .literal.spi_flash_chip_generic_set_io_mode
                0x4008097c        0x0 zephyr/libzephyr.a(spi_flash_chip_generic.c.obj)
                                  0xc (size before relaxing)
 .literal.spi_flash_chip_issi_set_io_mode
                0x4008097c        0x8 zephyr/libzephyr.a(spi_flash_chip_issi.c.obj)
                                  0xc (size before relaxing)
 .literal.spi_flash_chip_issi_get_io_mode
                0x40080984        0x0 zephyr/libzephyr.a(spi_flash_chip_issi.c.obj)
                                  0x4 (size before relaxing)
 .literal.spi_flash_chip_winbond_suspend_cmd_conf
                0x40080984        0x0 zephyr/libzephyr.a(spi_flash_chip_winbond.c.obj)
                                  0x4 (size before relaxing)
 .literal.spi_flash_chip_winbond_read
                0x40080984        0x0 zephyr/libzephyr.a(spi_flash_chip_winbond.c.obj)
                                  0x8 (size before relaxing)
 .literal.spi_flash_chip_winbond_erase_block
                0x40080984        0x0 zephyr/libzephyr.a(spi_flash_chip_winbond.c.obj)
                                  0x4 (size before relaxing)
 .literal.spi_flash_chip_winbond_erase_sector
                0x40080984        0x0 zephyr/libzephyr.a(spi_flash_chip_winbond.c.obj)
                                  0x4 (size before relaxing)
 .literal.spi_flash_chip_winbond_page_program
                0x40080984        0x0 zephyr/libzephyr.a(spi_flash_chip_winbond.c.obj)
                                  0x4 (size before relaxing)
 .literal.memspi_host_read_status_hs
                0x40080984        0x0 zephyr/libzephyr.a(memspi_host_driver.c.obj)
                                  0x4 (size before relaxing)
 .literal.memspi_host_read_id_hs
                0x40080984        0x8 zephyr/libzephyr.a(memspi_host_driver.c.obj)
                                 0x10 (size before relaxing)
 .literal.memspi_host_flush_cache
                0x4008098c        0x0 zephyr/libzephyr.a(memspi_host_driver.c.obj)
                                  0x8 (size before relaxing)
 .literal.memspi_host_init_pointers
                0x4008098c        0xc zephyr/libzephyr.a(memspi_host_driver.c.obj)
                                 0x10 (size before relaxing)
 .literal.delay_us
                0x40080998        0x0 zephyr/libzephyr.a(spi_flash_os_func_noos.c.obj)
                                  0x4 (size before relaxing)
 .literal.check_chip_pointer_default
                0x40080998        0x0 zephyr/libzephyr.a(esp_flash_api.c.obj)
                                  0x4 (size before relaxing)
 .literal.flash_end_flush_cache
                0x40080998        0x0 zephyr/libzephyr.a(esp_flash_api.c.obj)
                                  0x4 (size before relaxing)
 .literal.detect_spi_flash_chip
                0x40080998        0xc zephyr/libzephyr.a(esp_flash_api.c.obj)
                                 0x14 (size before relaxing)
 .literal.spiflash_start_default
                0x400809a4        0x0 zephyr/libzephyr.a(esp_flash_api.c.obj)
                                  0x4 (size before relaxing)
 .literal.esp_flash_read_chip_id
                0x400809a4        0x0 zephyr/libzephyr.a(esp_flash_api.c.obj)
                                  0x4 (size before relaxing)
 .literal.esp_flash_get_physical_size
                0x400809a4        0x0 zephyr/libzephyr.a(esp_flash_api.c.obj)
                                  0x4 (size before relaxing)
 .literal.esp_flash_is_quad_mode
                0x400809a4        0x0 zephyr/libzephyr.a(esp_flash_api.c.obj)
                                  0x4 (size before relaxing)
 .literal.esp_flash_init_main
                0x400809a4       0x14 zephyr/libzephyr.a(esp_flash_api.c.obj)
                                 0x40 (size before relaxing)
 .literal.esp_ptr_executable
                0x400809b8        0xc zephyr/libzephyr.a(esp_memory_utils.c.obj)
                                 0x18 (size before relaxing)
 .literal.uart_hal_txfifo_rst
                0x400809c4        0x0 zephyr/libzephyr.a(uart_hal_iram.c.obj)
                                  0x8 (size before relaxing)
 .literal.uart_hal_rxfifo_rst
                0x400809c4        0xc zephyr/libzephyr.a(uart_hal_iram.c.obj)
                                 0x14 (size before relaxing)
 .literal.uart_hal_write_txfifo
                0x400809d0        0x8 zephyr/libzephyr.a(uart_hal_iram.c.obj)
                                 0x10 (size before relaxing)
 .literal.uart_hal_read_rxfifo
                0x400809d8        0x0 zephyr/libzephyr.a(uart_hal_iram.c.obj)
                                 0x14 (size before relaxing)
 .literal.esp_rom_set_cpu_ticks_per_us
                0x400809d8        0x0 zephyr/libzephyr.a(esp_rom_sys.c.obj)
                                  0x4 (size before relaxing)
 .literal.periph_ll_disable_clk_set_rst
                0x400809d8       0x14 zephyr/libzephyr.a(periph_ctrl.c.obj)
                                 0x18 (size before relaxing)
 .literal.periph_ll_enable_clk_clear_rst
                0x400809ec        0x0 zephyr/libzephyr.a(periph_ctrl.c.obj)
                                 0x18 (size before relaxing)
 .literal.periph_rcc_acquire_enter
                0x400809ec        0x4 zephyr/libzephyr.a(periph_ctrl.c.obj)
                                  0x8 (size before relaxing)
 .literal.periph_rcc_acquire_exit
                0x400809f0        0x0 zephyr/libzephyr.a(periph_ctrl.c.obj)
                                  0x8 (size before relaxing)
 .literal.periph_module_enable
                0x400809f0        0x0 zephyr/libzephyr.a(periph_ctrl.c.obj)
                                 0x14 (size before relaxing)
 .literal.periph_module_disable
                0x400809f0        0x0 zephyr/libzephyr.a(periph_ctrl.c.obj)
                                 0x14 (size before relaxing)
 .literal.periph_module_reset
                0x400809f0        0x0 zephyr/libzephyr.a(periph_ctrl.c.obj)
                                 0x18 (size before relaxing)
 .literal.non_shared_periph_module_enable
                0x400809f0       0x10 zephyr/libzephyr.a(periph_ctrl.c.obj)
                                 0x2c (size before relaxing)
 .literal.non_shared_periph_module_disable
                0x40080a00        0x4 zephyr/libzephyr.a(periph_ctrl.c.obj)
                                 0x30 (size before relaxing)
 .literal.regi2c_ctrl_read_reg_mask
                0x40080a04        0x4 zephyr/libzephyr.a(regi2c_ctrl.c.obj)
 .literal.regi2c_ctrl_write_reg
                0x40080a08        0x4 zephyr/libzephyr.a(regi2c_ctrl.c.obj)
 .literal.esp_rom_spiflash_read_status
                0x40080a0c        0xc zephyr/libzephyr.a(esp_rom_spiflash.c.obj)
                                 0x10 (size before relaxing)
 .literal.esp_rom_spiflash_wait_idle
                0x40080a18        0x8 zephyr/libzephyr.a(esp_rom_spiflash.c.obj)
                                  0xc (size before relaxing)
 .literal.esp_rom_spiflash_read
                0x40080a20       0x38 zephyr/libzephyr.a(esp_rom_spiflash.c.obj)
                                 0x50 (size before relaxing)
 .iram1.0       0x40080a58        0xf zephyr/libzephyr.a(soc.c.obj)
                                 0x1b (size before relaxing)
                0x40080a58                __esp_platform_app_start
 *fill*         0x40080a67        0x1 
 .iram1.2       0x40080a68       0x1b zephyr/libzephyr.a(soc.c.obj)
                0x40080a68                arch_printk_char_out
 *fill*         0x40080a83        0x1 
 .iram1.3       0x40080a84        0xe zephyr/libzephyr.a(cache_esp32.c.obj)
 *fill*         0x40080a92        0x2 
 .iram1.3       0x40080a94       0x62 zephyr/libzephyr.a(esp_flash_api.c.obj)
 *fill*         0x40080af6        0x2 
 .iram1.1       0x40080af8       0x5a zephyr/libzephyr.a(flash_mmap.c.obj)
                0x40080af8                spi_flash_check_and_flush_cache
 *fill*         0x40080b52        0x2 
 .iram1.7       0x40080b54       0x18 zephyr/libzephyr.a(spi_flash_os_func_noos.c.obj)
 .iram1.6       0x40080b6c       0x18 zephyr/libzephyr.a(spi_flash_os_func_noos.c.obj)
 .iram1.6       0x40080b84       0x6e zephyr/libzephyr.a(bootloader_flash_config_esp32.c.obj)
                0x40080b84                bootloader_flash_cs_timing_config
 *fill*         0x40080bf2        0x2 
 .iram1.0       0x40080bf4       0x1e zephyr/libzephyr.a(bootloader_efuse.c.obj)
                0x40080bf4                bootloader_common_get_chip_ver_pkg
 *fill*         0x40080c12        0x2 
 .iram1.2       0x40080c14       0x19 zephyr/libzephyr.a(esp_clk.c.obj)
                0x40080c14                esp_clk_apb_freq
 *fill*         0x40080c2d        0x3 
 .iram1.4       0x40080c30       0x1b zephyr/libzephyr.a(periph_ctrl.c.obj)
                0x40080c30                periph_rcc_enter
 *fill*         0x40080c4b        0x1 
 .iram1.5       0x40080c4c       0x2e zephyr/libzephyr.a(periph_ctrl.c.obj)
                0x40080c4c                periph_rcc_exit
 *fill*         0x40080c7a        0x2 
 .iram1.2       0x40080c7c       0x34 zephyr/libzephyr.a(rtc_clk.c.obj)
                0x40080c7c                rtc_clk_get_lact_compensation_delay
 .iram1.4       0x40080cb0       0x24 zephyr/libzephyr.a(rtc_clk.c.obj)
                0x40080cb0                rtc_get_xtal
                0x40080cb0                rtc_clk_xtal_freq_get
 .iram1.5       0x40080cd4       0x19 zephyr/libzephyr.a(rtc_clk.c.obj)
                0x40080cd4                rtc_clk_apb_freq_update
 *fill*         0x40080ced        0x3 
 .iram1.0       0x40080cf0       0xaa zephyr/libzephyr.a(rtc_clk.c.obj)
                                 0xae (size before relaxing)
                0x40080cf0                rtc_clk_cpu_freq_to_xtal
 *fill*         0x40080d9a        0x2 
 .iram1.1       0x40080d9c       0x5a zephyr/libzephyr.a(esp_mmu_map.c.obj)
                0x40080d9c                esp_mmu_paddr_find_caps
 *fill*         0x40080df6        0x2 
 .iram1.0       0x40080df8       0x46 zephyr/libzephyr.a(esp_rom_gpio.c.obj)
                0x40080df8                esp_rom_gpio_connect_out_signal
 *fill*         0x40080e3e        0x2 
 .iram1.2       0x40080e40       0x40 zephyr/libzephyr.a(esp_rom_serial_output.c.obj)
                0x40080e40                esp_rom_output_tx_wait_idle
 .iram1.0       0x40080e80       0x3e zephyr/libzephyr.a(efuse_hal.c.obj)
                0x40080e80                efuse_hal_get_major_chip_version
 *fill*         0x40080ebe        0x2 
 .iram1.1       0x40080ec0       0x10 zephyr/libzephyr.a(efuse_hal.c.obj)
                0x40080ec0                efuse_hal_get_minor_chip_version
 .iram1.0       0x40080ed0       0x18 zephyr/libzephyr.a(efuse_hal.c.obj)
                                 0x1c (size before relaxing)
                0x40080ed0                efuse_hal_chip_revision
 .iram1.7       0x40080ee8      0x24a zephyr/libzephyr.a(bootloader_flash.c.obj)
                0x40080ee8                bootloader_flash_execute_command_common
 *fill*         0x40081132        0x2 
 .iram1.8       0x40081134       0x20 zephyr/libzephyr.a(bootloader_flash.c.obj)
                0x40081134                bootloader_execute_flash_command
 .iram1.6       0x40081154      0x12c zephyr/libzephyr.a(bootloader_flash.c.obj)
                                0x154 (size before relaxing)
                0x40081154                bootloader_flash_unlock
                0x40081154                bootloader_flash_unlock_default
 .iram1.9       0x40081280       0x21 zephyr/libzephyr.a(bootloader_flash.c.obj)
                0x40081280                bootloader_flash_read_sfdp
 *fill*         0x400812a1        0x3 
 .iram1.10      0x400812a4       0x24 zephyr/libzephyr.a(bootloader_flash.c.obj)
                                 0x28 (size before relaxing)
                0x400812a4                bootloader_read_flash_id
 .iram1.12      0x400812c8       0x88 zephyr/libzephyr.a(bootloader_flash.c.obj)
                                 0xa4 (size before relaxing)
                0x400812c8                bootloader_flash_xmc_startup
 .iram1         0x40081350       0x1a zephyr/arch/arch/xtensa/core/libarch__xtensa__core.a(debug_helpers_asm.S.obj)
                0x40081350                xtensa_backtrace_get_start
 *fill*         0x4008136a        0x2 
 .iram1.4       0x4008136c       0x9f zephyr/drivers/interrupt_controller/libdrivers__interrupt_controller.a(intc_esp32.c.obj)
                0x4008136c                esp_intr_disable
 *fill*         0x4008140b        0x1 
 .iram1.7       0x4008140c       0x11 zephyr/drivers/gpio/libdrivers__gpio.a(gpio_esp32.c.obj)
                                 0x17 (size before relaxing)
 *fill*         0x4008141d        0x3 
 .iram1.0       0x40081420      0x360 zephyr/drivers/gpio/libdrivers__gpio.a(gpio_esp32.c.obj)
                                0x370 (size before relaxing)
 *fill*         0x40081780        0x0 
 *fill*         0x40081780        0x0 
 *fill*         0x40081780        0x0 
 *fill*         0x40081780        0x0 
 *fill*         0x40081780        0x0 
 .iram1.10      0x40081780        0x5 zephyr/libzephyr.a(flash_ops.c.obj)
                0x40081780                esp_mspi_pin_init
 *fill*         0x40081785        0x3 
 .iram1.11      0x40081788        0x7 zephyr/libzephyr.a(flash_ops.c.obj)
                0x40081788                spi_flash_init_chip_state
 *fill*         0x4008178f        0x1 
 .iram1.13      0x40081790        0x7 zephyr/libzephyr.a(flash_ops.c.obj)
                0x40081790                esp_mspi_32bit_address_flash_feature_check
 *fill*         0x40081797        0x0 
 *fill*         0x40081797        0x0 
 *fill*         0x40081797        0x0 
 *fill*         0x40081797        0x0 
 *fill*         0x40081797        0x0 
 *fill*         0x40081797        0x0 
 *fill*         0x40081797        0x0 
 *fill*         0x40081797        0x0 
 *fill*         0x40081797        0x0 
 *fill*         0x40081797        0x0 
 *fill*         0x40081797        0x1 
 .iram1.11      0x40081798       0x4e zephyr/libzephyr.a(bootloader_flash.c.obj)
 *fill*         0x400817e6        0x0 
 *fill*         0x400817e6        0x0 
 *fill*         0x400817e6        0x0 
 *fill*         0x400817e6        0x2 
 .iram1.0       0x400817e8       0x35 zephyr/drivers/interrupt_controller/libdrivers__interrupt_controller.a(intc_esp32.c.obj)
 *fill*         0x4008181d        0x0 
 *fill*         0x4008181d        0x3 
 .iram1.5       0x40081820       0xab zephyr/drivers/gpio/libdrivers__gpio.a(gpio_esp32.c.obj)
 *fill*         0x400818cb        0x0 
 *fill*         0x400818cb        0x0 
 *(SORT_BY_ALIGNMENT(.iram0.literal) SORT_BY_ALIGNMENT(.iram.literal) SORT_BY_ALIGNMENT(.iram.text.literal) SORT_BY_ALIGNMENT(.iram0.text) SORT_BY_ALIGNMENT(.iram.text))
 *fill*         0x400818cb        0x1 
 .iram0.text    0x400818cc       0x31 zephyr/arch/arch/xtensa/core/libarch__xtensa__core.a(xtensa_asm2_util.S.obj)
                0x400818cc                _Level1Vector
 *libarch__xtensa__core.a:(SORT_BY_ALIGNMENT(.literal) SORT_BY_ALIGNMENT(.text) SORT_BY_ALIGNMENT(.literal.*) SORT_BY_ALIGNMENT(.text.*))
 *fill*         0x400818fd        0x3 
 .text.xtensa_exccause
                0x40081900       0x17 zephyr/arch/arch/xtensa/core/libarch__xtensa__core.a(fatal.c.obj)
                0x40081900                xtensa_exccause
 *fill*         0x40081917        0x1 
 .text.xtensa_fatal_error
                0x40081918       0x26 zephyr/arch/arch/xtensa/core/libarch__xtensa__core.a(fatal.c.obj)
                                 0x2e (size before relaxing)
                0x40081918                xtensa_fatal_error
 *fill*         0x4008193e        0x2 
 .text          0x40081940      0x223 zephyr/arch/arch/xtensa/core/libarch__xtensa__core.a(xtensa_asm2_util.S.obj)
                0x40081940                xtensa_spill_reg_windows
                0x40081960                xtensa_save_high_regs
                0x400819a8                xtensa_restore_high_regs
                0x400819dd                _restore_context
                0x40081a18                xtensa_arch_except
                0x40081a1b                xtensa_arch_except_epc
                0x40081a20                xtensa_arch_kernel_oops
                0x40081a23                xtensa_arch_kernel_oops_epc
                0x40081a28                xtensa_switch
 *fill*         0x40081b63        0x1 
 .text.z_irq_spurious
                0x40081b64       0x12 zephyr/arch/arch/xtensa/core/libarch__xtensa__core.a(irq_manage.c.obj)
                                 0x16 (size before relaxing)
                0x40081b64                z_irq_spurious
 *fill*         0x40081b76        0x2 
 .text.arch_new_thread
                0x40081b78       0x38 zephyr/arch/arch/xtensa/core/libarch__xtensa__core.a(thread.c.obj)
                0x40081b78                arch_new_thread
 .text.xtensa_handle_irq_lvl
                0x40081bb0       0x4c zephyr/arch/arch/xtensa/core/libarch__xtensa__core.a(vector_handlers.c.obj)
 .text.return_to
                0x40081bfc       0x14 zephyr/arch/arch/xtensa/core/libarch__xtensa__core.a(vector_handlers.c.obj)
                                 0x18 (size before relaxing)
 .text.xtensa_is_outside_stack_bounds
                0x40081c10       0x3e zephyr/arch/arch/xtensa/core/libarch__xtensa__core.a(vector_handlers.c.obj)
                0x40081c10                xtensa_is_outside_stack_bounds
 *fill*         0x40081c4e        0x2 
 .text.xtensa_is_frame_pointer_valid
                0x40081c50       0x28 zephyr/arch/arch/xtensa/core/libarch__xtensa__core.a(vector_handlers.c.obj)
                                 0x2c (size before relaxing)
                0x40081c50                xtensa_is_frame_pointer_valid
 .text.xtensa_dump_stack
                0x40081c78       0xa2 zephyr/arch/arch/xtensa/core/libarch__xtensa__core.a(vector_handlers.c.obj)
                                 0xba (size before relaxing)
                0x40081c78                xtensa_dump_stack
 *fill*         0x40081d1a        0x2 
 .text.xtensa_int2_c
                0x40081d1c       0x14 zephyr/arch/arch/xtensa/core/libarch__xtensa__core.a(vector_handlers.c.obj)
                                 0x18 (size before relaxing)
                0x40081d1c                xtensa_int2_c
 .text.xtensa_int3_c
                0x40081d30       0x14 zephyr/arch/arch/xtensa/core/libarch__xtensa__core.a(vector_handlers.c.obj)
                                 0x18 (size before relaxing)
                0x40081d30                xtensa_int3_c
 .text.xtensa_int4_c
                0x40081d44       0x14 zephyr/arch/arch/xtensa/core/libarch__xtensa__core.a(vector_handlers.c.obj)
                                 0x18 (size before relaxing)
                0x40081d44                xtensa_int4_c
 .text.xtensa_int5_c
                0x40081d58       0x14 zephyr/arch/arch/xtensa/core/libarch__xtensa__core.a(vector_handlers.c.obj)
                                 0x18 (size before relaxing)
                0x40081d58                xtensa_int5_c
 .text.xtensa_int6_c
                0x40081d6c       0x14 zephyr/arch/arch/xtensa/core/libarch__xtensa__core.a(vector_handlers.c.obj)
                                 0x18 (size before relaxing)
                0x40081d6c                xtensa_int6_c
 .text.xtensa_nmi_c
                0x40081d80       0x18 zephyr/arch/arch/xtensa/core/libarch__xtensa__core.a(vector_handlers.c.obj)
                                 0x1c (size before relaxing)
                0x40081d80                xtensa_nmi_c
 .text.xtensa_excint1_c
                0x40081d98       0xfe zephyr/arch/arch/xtensa/core/libarch__xtensa__core.a(vector_handlers.c.obj)
                                0x11e (size before relaxing)
                0x40081d98                xtensa_excint1_c
 *fill*         0x40081e96        0x2 
 .text.z_prep_c
                0x40081e98       0x10 zephyr/arch/arch/xtensa/core/libarch__xtensa__core.a(prep_c.c.obj)
                                 0x14 (size before relaxing)
                0x40081e98                z_prep_c
 .text.xtensa_cpu_process_stack_pc
                0x40081ea8       0x2b zephyr/arch/arch/xtensa/core/libarch__xtensa__core.a(xtensa_backtrace.c.obj)
 *fill*         0x40081ed3        0x1 
 .text.xtensa_stack_ptr_is_sane
                0x40081ed4       0x2b zephyr/arch/arch/xtensa/core/libarch__xtensa__core.a(xtensa_backtrace.c.obj)
 *fill*         0x40081eff        0x1 
 .text.xtensa_backtrace_get_next_frame
                0x40081f00       0x3a zephyr/arch/arch/xtensa/core/libarch__xtensa__core.a(xtensa_backtrace.c.obj)
                                 0x46 (size before relaxing)
                0x40081f00                xtensa_backtrace_get_next_frame
 *fill*         0x40081f3a        0x2 
 .text.xtensa_backtrace_print
                0x40081f3c       0xd0 zephyr/arch/arch/xtensa/core/libarch__xtensa__core.a(xtensa_backtrace.c.obj)
                                 0xf4 (size before relaxing)
                0x40081f3c                xtensa_backtrace_print
 *fill*         0x4008200c        0x0 
 .text.arch_cpu_idle
                0x4008200c        0x8 zephyr/arch/arch/xtensa/core/libarch__xtensa__core.a(cpu_idle.c.obj)
                0x4008200c                arch_cpu_idle
 *fill*         0x40082014        0x0 
 *fill*         0x40082014        0x0 
 *fill*         0x40082014        0x0 
 *fill*         0x40082014        0x0 
 .text.arch_coprocessors_disable
                0x40082014        0x8 zephyr/arch/arch/xtensa/core/libarch__xtensa__core.a(thread.c.obj)
                0x40082014                arch_coprocessors_disable
 *fill*         0x4008201c        0x0 
 *fill*         0x4008201c        0x0 
 *fill*         0x4008201c        0x0 
 *fill*         0x4008201c        0x0 
 *fill*         0x4008201c        0x0 
 *fill*         0x4008201c        0x0 
 *libarch__common.a:(SORT_BY_ALIGNMENT(.literal) SORT_BY_ALIGNMENT(.text) SORT_BY_ALIGNMENT(.literal.*) SORT_BY_ALIGNMENT(.text.*))
 .text.z_isr_install
                0x4008201c       0x14 zephyr/arch/common/libarch__common.a(dynamic_isr.c.obj)
                                 0x18 (size before relaxing)
                0x4008201c                z_isr_install
 .text.arch_irq_connect_dynamic
                0x40082030        0xe zephyr/arch/common/libarch__common.a(dynamic_isr.c.obj)
                                 0x12 (size before relaxing)
                0x40082030                arch_irq_connect_dynamic
 *fill*         0x4008203e        0x2 
 .text.arch_early_memset
                0x40082040       0x12 zephyr/arch/common/libarch__common.a(init.c.obj)
                0x40082040                arch_early_memset
 *fill*         0x40082052        0x2 
 .text.arch_bss_zero
                0x40082054       0x13 zephyr/arch/common/libarch__common.a(init.c.obj)
                                 0x16 (size before relaxing)
                0x40082054                arch_bss_zero
 *fill*         0x40082067        0x1 
 .text.z_get_sw_isr_table_idx
                0x40082068        0x5 zephyr/arch/common/libarch__common.a(sw_isr_common.c.obj)
                0x40082068                z_get_sw_isr_table_idx
 *fill*         0x4008206d        0x0 
 *fill*         0x4008206d        0x0 
 *fill*         0x4008206d        0x0 
 *libkernel.a:(SORT_BY_ALIGNMENT(.literal) SORT_BY_ALIGNMENT(.text) SORT_BY_ALIGNMENT(.literal.*) SORT_BY_ALIGNMENT(.text.*))
 *fill*         0x4008206d        0x3 
 .text.k_sys_fatal_error_handler
                0x40082070        0x8 zephyr/kernel/libkernel.a(fatal.c.obj)
                                  0xc (size before relaxing)
                0x40082070                k_sys_fatal_error_handler
 .text.z_fatal_error
                0x40082078       0x22 zephyr/kernel/libkernel.a(fatal.c.obj)
                                 0x26 (size before relaxing)
                0x40082078                z_fatal_error
 *fill*         0x4008209a        0x2 
 .text.z_sys_init_run_level
                0x4008209c       0x2c zephyr/kernel/libkernel.a(init.c.obj)
                                 0x30 (size before relaxing)
 .text.bg_thread_main
                0x400820c8       0xae zephyr/kernel/libkernel.a(init.c.obj)
                                 0xbe (size before relaxing)
 *fill*         0x40082176        0x2 
 .text.z_init_cpu
                0x40082178       0x5a zephyr/kernel/libkernel.a(init.c.obj)
                                 0x5e (size before relaxing)
                0x40082178                z_init_cpu
 *fill*         0x400821d2        0x2 
 .text.z_cstart
                0x400821d4       0x97 zephyr/kernel/libkernel.a(init.c.obj)
                                 0xb3 (size before relaxing)
                0x400821d4                z_cstart
 *fill*         0x4008226b        0x1 
 .text.idle     0x4008226c        0xc zephyr/kernel/libkernel.a(idle.c.obj)
                                  0xf (size before relaxing)
                0x4008226c                idle
 *fill*         0x40082278        0x0 
 .text.z_setup_new_thread
                0x40082278       0x63 zephyr/kernel/libkernel.a(thread.c.obj)
                0x40082278                z_setup_new_thread
 *fill*         0x400822db        0x1 
 .text.z_dummy_thread_init
                0x400822dc       0x27 zephyr/kernel/libkernel.a(thread.c.obj)
                0x400822dc                z_dummy_thread_init
 *fill*         0x40082303        0x1 
 .text.z_impl_k_wakeup
                0x40082304       0x37 zephyr/kernel/libkernel.a(thread.c.obj)
                                 0x3f (size before relaxing)
                0x40082304                z_impl_k_wakeup
 *fill*         0x4008233b        0x1 
 .text.z_thread_abort
                0x4008233c       0x2b zephyr/kernel/libkernel.a(thread.c.obj)
                                 0x2f (size before relaxing)
                0x4008233c                z_thread_abort
 *fill*         0x40082367        0x1 
 .text.z_impl_k_thread_abort
                0x40082368        0xa zephyr/kernel/libkernel.a(thread.c.obj)
                                  0xe (size before relaxing)
                0x40082368                z_impl_k_thread_abort
 *fill*         0x40082372        0x2 
 .text.z_impl_k_yield
                0x40082374        0x8 zephyr/kernel/libkernel.a(thread.c.obj)
                                  0xb (size before relaxing)
                0x40082374                z_impl_k_yield
 *fill*         0x4008237c        0x0 
 .text.unpend_thread_no_timeout
                0x4008237c       0x19 zephyr/kernel/libkernel.a(sched.c.obj)
                                 0x1d (size before relaxing)
 *fill*         0x40082395        0x3 
 .text.unready_thread
                0x40082398       0x5a zephyr/kernel/libkernel.a(sched.c.obj)
                                 0x62 (size before relaxing)
 *fill*         0x400823f2        0x2 
 .text.ready_thread
                0x400823f4       0x98 zephyr/kernel/libkernel.a(sched.c.obj)
 .text.z_swap$isra$0
                0x4008248c       0x31 zephyr/kernel/libkernel.a(sched.c.obj)
                                 0x35 (size before relaxing)
 *fill*         0x400824bd        0x3 
 .text.reschedule$isra$0
                0x400824c0       0x2c zephyr/kernel/libkernel.a(sched.c.obj)
 .text.move_current_to_end_of_prio_q
                0x400824ec       0x78 zephyr/kernel/libkernel.a(sched.c.obj)
                                 0x7c (size before relaxing)
                0x400824ec                move_current_to_end_of_prio_q
 .text.z_ready_thread
                0x40082564       0x13 zephyr/kernel/libkernel.a(sched.c.obj)
                                 0x16 (size before relaxing)
                0x40082564                z_ready_thread
 *fill*         0x40082577        0x1 
 .text.z_sched_ready_locked
                0x40082578        0xa zephyr/kernel/libkernel.a(sched.c.obj)
                                  0xe (size before relaxing)
                0x40082578                z_sched_ready_locked
 *fill*         0x40082582        0x2 
 .text.z_sched_unready_locked
                0x40082584        0xa zephyr/kernel/libkernel.a(sched.c.obj)
                                  0xe (size before relaxing)
                0x40082584                z_sched_unready_locked
 *fill*         0x4008258e        0x2 
 .text.z_thread_halt
                0x40082590      0x108 zephyr/kernel/libkernel.a(sched.c.obj)
                                0x124 (size before relaxing)
                0x40082590                z_thread_halt
 .text.z_sched_lock_reschedule
                0x40082698       0x4a zephyr/kernel/libkernel.a(sched.c.obj)
                                 0x4e (size before relaxing)
                0x40082698                z_sched_lock_reschedule
 *fill*         0x400826e2        0x2 
 .text.z_sched_yield
                0x400826e4       0x84 zephyr/kernel/libkernel.a(sched.c.obj)
                                 0x88 (size before relaxing)
                0x400826e4                z_sched_yield
 .text.z_sched_wake_thread_locked
                0x40082768       0x2a zephyr/kernel/libkernel.a(sched.c.obj)
                                 0x2e (size before relaxing)
                0x40082768                z_sched_wake_thread_locked
 *fill*         0x40082792        0x2 
 .text.z_thread_timeout
                0x40082794       0x1d zephyr/kernel/libkernel.a(sched.c.obj)
                                 0x21 (size before relaxing)
                0x40082794                z_thread_timeout
 *fill*         0x400827b1        0x3 
 .text.z_reschedule
                0x400827b4        0xa zephyr/kernel/libkernel.a(sched.c.obj)
                                  0xe (size before relaxing)
                0x400827b4                z_reschedule
 *fill*         0x400827be        0x2 
 .text.z_get_next_switch_handle
                0x400827c0       0x14 zephyr/kernel/libkernel.a(sched.c.obj)
                0x400827c0                z_get_next_switch_handle
 .text.z_tick_sleep
                0x400827d4       0x66 zephyr/kernel/libkernel.a(sleep.c.obj)
                                 0x7a (size before relaxing)
 *fill*         0x4008283a        0x2 
 .text.z_impl_k_sleep
                0x4008283c       0x2f zephyr/kernel/libkernel.a(sleep.c.obj)
                                 0x33 (size before relaxing)
                0x4008283c                z_impl_k_sleep
 *fill*         0x4008286b        0x1 
 .text.z_sched_init
                0x4008286c        0xf zephyr/kernel/libkernel.a(scheduler.c.obj)
                0x4008286c                z_sched_init
 *fill*         0x4008287b        0x1 
 .text.k_sched_lock
                0x4008287c       0x1b zephyr/kernel/libkernel.a(scheduler.c.obj)
                0x4008287c                k_sched_lock
 *fill*         0x40082897        0x1 
 .text.k_sched_unlock
                0x40082898       0x1b zephyr/kernel/libkernel.a(scheduler.c.obj)
                0x40082898                k_sched_unlock
 *fill*         0x400828b3        0x1 
 .text.z_impl_k_sched_current_thread_query
                0x400828b4        0xa zephyr/kernel/libkernel.a(scheduler.c.obj)
                0x400828b4                z_impl_k_sched_current_thread_query
 *fill*         0x400828be        0x2 
 .text.z_time_slice_size
                0x400828c0       0x42 zephyr/kernel/libkernel.a(timeslicing.c.obj)
 *fill*         0x40082902        0x2 
 .text.slice_timeout
                0x40082904       0x1e zephyr/kernel/libkernel.a(timeslicing.c.obj)
 *fill*         0x40082922        0x2 
 .text.slice_reset
                0x40082924       0x3a zephyr/kernel/libkernel.a(timeslicing.c.obj)
                                 0x3e (size before relaxing)
 *fill*         0x4008295e        0x2 
 .text.z_time_slice_reset
                0x40082960        0xd zephyr/kernel/libkernel.a(timeslicing.c.obj)
                                 0x14 (size before relaxing)
                0x40082960                z_time_slice_reset
 *fill*         0x4008296d        0x3 
 .text.z_time_slice
                0x40082970       0x40 zephyr/kernel/libkernel.a(timeslicing.c.obj)
                                 0x48 (size before relaxing)
                0x40082970                z_time_slice
 .text.z_timeout_q_first
                0x400829b0        0xf zephyr/kernel/libkernel.a(timeout.c.obj)
 *fill*         0x400829bf        0x1 
 .text.next_timeout
                0x400829c0       0x42 zephyr/kernel/libkernel.a(timeout.c.obj)
                                 0x46 (size before relaxing)
 *fill*         0x40082a02        0x2 
 .text.elapsed  0x40082a04       0x16 zephyr/kernel/libkernel.a(timeout.c.obj)
 *fill*         0x40082a1a        0x2 
 .text.z_add_timeout
                0x40082a1c      0x11a zephyr/kernel/libkernel.a(timeout.c.obj)
                                0x126 (size before relaxing)
                0x40082a1c                z_add_timeout
 *fill*         0x40082b36        0x2 
 .text.z_try_abort_timeout
                0x40082b38       0x74 zephyr/kernel/libkernel.a(timeout.c.obj)
                                 0x7c (size before relaxing)
                0x40082b38                z_try_abort_timeout
 .text.z_timeout_inflight_superseded
                0x40082bac       0x21 zephyr/kernel/libkernel.a(timeout.c.obj)
                0x40082bac                z_timeout_inflight_superseded
 *fill*         0x40082bcd        0x3 
 .text.sys_clock_announce_locked
                0x40082bd0       0xc3 zephyr/kernel/libkernel.a(timeout.c.obj)
                                 0xcf (size before relaxing)
                0x40082bd0                sys_clock_announce_locked
 *fill*         0x40082c93        0x1 
 .text.sys_clock_tick_get
                0x40082c94       0x20 zephyr/kernel/libkernel.a(timeout.c.obj)
                                 0x24 (size before relaxing)
                0x40082c94                sys_clock_tick_get
 .text.sys_clock_tick_get_32
                0x40082cb4        0xa zephyr/kernel/libkernel.a(timeout.c.obj)
                                  0xd (size before relaxing)
                0x40082cb4                sys_clock_tick_get_32
 *fill*         0x40082cbe        0x2 
 .text.k_free   0x40082cc0       0x19 zephyr/kernel/libkernel.a(mempool.c.obj)
                                 0x1c (size before relaxing)
                0x40082cc0                k_free
 *fill*         0x40082cd9        0x3 
 .text.k_malloc
                0x40082cdc       0x14 zephyr/kernel/libkernel.a(mempool.c.obj)
                                 0x18 (size before relaxing)
                0x40082cdc                k_malloc
 .text.k_thread_system_pool_assign
                0x40082cf0        0xb zephyr/kernel/libkernel.a(mempool.c.obj)
                0x40082cf0                k_thread_system_pool_assign
 *fill*         0x40082cfb        0x1 
 .text.k_heap_init
                0x40082cfc       0x17 zephyr/kernel/libkernel.a(kheap.c.obj)
                0x40082cfc                k_heap_init
 *fill*         0x40082d13        0x1 
 .text.statics_init
                0x40082d14       0x22 zephyr/kernel/libkernel.a(kheap.c.obj)
 *fill*         0x40082d36        0x2 
 .text.do_device_init
                0x40082d38       0x35 zephyr/kernel/libkernel.a(device.c.obj)
                0x40082d38                do_device_init
 *fill*         0x40082d6d        0x3 
 .text.z_impl_device_is_ready
                0x40082d70       0x1c zephyr/kernel/libkernel.a(device.c.obj)
                0x40082d70                z_impl_device_is_ready
 .text.arch_system_halt
                0x40082d8c        0x9 zephyr/kernel/libkernel.a(fatal.c.obj)
                0x40082d8c                arch_system_halt
 *fill*         0x40082d95        0x0 
 *fill*         0x40082d95        0x0 
 *fill*         0x40082d95        0x0 
 *fill*         0x40082d95        0x0 
 *fill*         0x40082d95        0x0 
 *fill*         0x40082d95        0x3 
 .text.z_impl_k_mutex_init
                0x40082d98       0x11 zephyr/kernel/libkernel.a(mutex.c.obj)
                0x40082d98                z_impl_k_mutex_init
 *fill*         0x40082da9        0x0 
 *fill*         0x40082da9        0x0 
 *fill*         0x40082da9        0x0 
 *fill*         0x40082da9        0x0 
 *fill*         0x40082da9        0x0 
 *fill*         0x40082da9        0x0 
 *fill*         0x40082da9        0x3 
 .text.sys_dlist_remove
                0x40082dac       0x13 zephyr/kernel/libkernel.a(sched.c.obj)
 *fill*         0x40082dbf        0x0 
 *fill*         0x40082dbf        0x0 
 *fill*         0x40082dbf        0x0 
 *fill*         0x40082dbf        0x0 
 *fill*         0x40082dbf        0x0 
 *fill*         0x40082dbf        0x0 
 *fill*         0x40082dbf        0x0 
 *fill*         0x40082dbf        0x0 
 *fill*         0x40082dbf        0x0 
 *fill*         0x40082dbf        0x0 
 *fill*         0x40082dbf        0x0 
 *fill*         0x40082dbf        0x0 
 *fill*         0x40082dbf        0x0 
 *fill*         0x40082dbf        0x0 
 *fill*         0x40082dbf        0x0 
 *fill*         0x40082dbf        0x0 
 *fill*         0x40082dbf        0x0 
 *fill*         0x40082dbf        0x0 
 *fill*         0x40082dbf        0x0 
 *fill*         0x40082dbf        0x0 
 *fill*         0x40082dbf        0x0 
 *fill*         0x40082dbf        0x0 
 *fill*         0x40082dbf        0x0 
 *fill*         0x40082dbf        0x0 
 *fill*         0x40082dbf        0x0 
 *fill*         0x40082dbf        0x0 
 *fill*         0x40082dbf        0x1 
 .text.z_alloc_helper
                0x40082dc0       0x2b zephyr/kernel/libkernel.a(mempool.c.obj)
 *fill*         0x40082deb        0x0 
 *fill*         0x40082deb        0x1 
 .text.main     0x40082dec        0x9 zephyr/kernel/libkernel.a(main_weak.c.obj)
                0x40082dec                main
 *fill*         0x40082df5        0x0 
 *fill*         0x40082df5        0x0 
 *libgcc.a:lib2funcs.*(SORT_BY_ALIGNMENT(.literal) SORT_BY_ALIGNMENT(.text) SORT_BY_ALIGNMENT(.literal.*) SORT_BY_ALIGNMENT(.text.*))
 *libzephyr.a:windowspill_asm.*(SORT_BY_ALIGNMENT(.literal) SORT_BY_ALIGNMENT(.text) SORT_BY_ALIGNMENT(.literal.*) SORT_BY_ALIGNMENT(.text.*))
 *fill*         0x40082df5        0x3 
 .text          0x40082df8      0x137 zephyr/libzephyr.a(windowspill_asm.S.obj)
                0x40082df8                xthal_window_spill_nw
                0x40082df8                xthal_spill_registers_into_stack_nw
                0x40082f0c                xthal_window_spill
 *fill*         0x40082f2f        0x0 
 *libzephyr.a:cbprintf_complete.*(SORT_BY_ALIGNMENT(.literal) SORT_BY_ALIGNMENT(.text) SORT_BY_ALIGNMENT(.literal.*) SORT_BY_ALIGNMENT(.text.*))
 *libzephyr.a:printk.*(SORT_BY_ALIGNMENT(.literal.printk) SORT_BY_ALIGNMENT(.literal.vprintk) SORT_BY_ALIGNMENT(.literal.char_out) SORT_BY_ALIGNMENT(.text.printk) SORT_BY_ALIGNMENT(.text.vprintk) SORT_BY_ALIGNMENT(.text.char_out))
 *fill*         0x40082f2f        0x1 
 .text.char_out
                0x40082f30       0x11 zephyr/libzephyr.a(printk.c.obj)
 *fill*         0x40082f41        0x3 
 .text.vprintk  0x40082f44       0x2e zephyr/libzephyr.a(printk.c.obj)
                                 0x32 (size before relaxing)
                0x40082f44                vprintk
 *fill*         0x40082f72        0x2 
 .text.printk   0x40082f74       0x27 zephyr/libzephyr.a(printk.c.obj)
                0x40082f74                printk
 *fill*         0x40082f9b        0x0 
 *fill*         0x40082f9b        0x0 
 *fill*         0x40082f9b        0x0 
 *libzephyr.a:log_noos.*(SORT_BY_ALIGNMENT(.literal) SORT_BY_ALIGNMENT(.text) SORT_BY_ALIGNMENT(.literal.*) SORT_BY_ALIGNMENT(.text.*))
 *libzephyr.a:log_core.*(SORT_BY_ALIGNMENT(.literal) SORT_BY_ALIGNMENT(.text) SORT_BY_ALIGNMENT(.literal.*) SORT_BY_ALIGNMENT(.text.*))
 *libzephyr.a:log_msg.*(SORT_BY_ALIGNMENT(.literal) SORT_BY_ALIGNMENT(.text) SORT_BY_ALIGNMENT(.literal.*) SORT_BY_ALIGNMENT(.text.*))
 *libzephyr.a:log_list.*(SORT_BY_ALIGNMENT(.literal) SORT_BY_ALIGNMENT(.text) SORT_BY_ALIGNMENT(.literal.*) SORT_BY_ALIGNMENT(.text.*))
 *libzephyr.a:log_output.*(SORT_BY_ALIGNMENT(.literal) SORT_BY_ALIGNMENT(.text) SORT_BY_ALIGNMENT(.literal.*) SORT_BY_ALIGNMENT(.text.*))
 *libzephyr.a:log_backend_uart.*(SORT_BY_ALIGNMENT(.literal) SORT_BY_ALIGNMENT(.text) SORT_BY_ALIGNMENT(.literal.*) SORT_BY_ALIGNMENT(.text.*))
 *libzephyr.a:loader.*(SORT_BY_ALIGNMENT(.literal) SORT_BY_ALIGNMENT(.text) SORT_BY_ALIGNMENT(.literal.*) SORT_BY_ALIGNMENT(.text.*))
 *fill*         0x40082f9b        0x1 
 .text.map_rom_segments
                0x40082f9c      0x37a zephyr/libzephyr.a(loader.c.obj)
                                0x37e (size before relaxing)
                0x40082f9c                map_rom_segments
 *fill*         0x40083316        0x2 
 .text.__start  0x40083318       0x5f zephyr/libzephyr.a(loader.c.obj)
                                 0x73 (size before relaxing)
                0x40083318                __start
 *fill*         0x40083377        0x0 
 *fill*         0x40083377        0x0 
 *libzephyr.a:flash_init.*(SORT_BY_ALIGNMENT(.literal) SORT_BY_ALIGNMENT(.text) SORT_BY_ALIGNMENT(.literal.*) SORT_BY_ALIGNMENT(.text.*))
 *fill*         0x40083377        0x1 
 .text.esp_flash_config
                0x40083378       0x2a zephyr/libzephyr.a(flash_init.c.obj)
                                 0x3a (size before relaxing)
                0x40083378                esp_flash_config
 *fill*         0x400833a2        0x0 
 *libzephyr.a:soc_flash_init.*(SORT_BY_ALIGNMENT(.literal) SORT_BY_ALIGNMENT(.text) SORT_BY_ALIGNMENT(.literal.*) SORT_BY_ALIGNMENT(.text.*))
 *fill*         0x400833a2        0x2 
 .text.flash_update_id
                0x400833a4        0xd zephyr/libzephyr.a(soc_flash_init.c.obj)
                                 0x10 (size before relaxing)
                0x400833a4                flash_update_id
 *fill*         0x400833b1        0x3 
 .text.flash_cs_timing_config
                0x400833b4       0x6e zephyr/libzephyr.a(soc_flash_init.c.obj)
                0x400833b4                flash_cs_timing_config
 *fill*         0x40083422        0x2 
 .text.flash_gpio_config
                0x40083424      0x1f2 zephyr/libzephyr.a(soc_flash_init.c.obj)
                                0x206 (size before relaxing)
                0x40083424                flash_gpio_config
 *fill*         0x40083616        0x2 
 .text.flash_dummy_config
                0x40083618       0x91 zephyr/libzephyr.a(soc_flash_init.c.obj)
                0x40083618                flash_dummy_config
 *fill*         0x400836a9        0x3 
 .text.init_spi_flash
                0x400836ac      0x10f zephyr/libzephyr.a(soc_flash_init.c.obj)
                                0x11b (size before relaxing)
                0x400836ac                init_spi_flash
 *fill*         0x400837bb        0x0 
 *fill*         0x400837bb        0x0 
 *fill*         0x400837bb        0x0 
 *fill*         0x400837bb        0x0 
 *libzephyr.a:console_init.*(SORT_BY_ALIGNMENT(.literal) SORT_BY_ALIGNMENT(.text) SORT_BY_ALIGNMENT(.literal.*) SORT_BY_ALIGNMENT(.text.*))
 *fill*         0x400837bb        0x1 
 .text.esp_console_init
                0x400837bc       0x5a zephyr/libzephyr.a(console_init.c.obj)
                                 0x5e (size before relaxing)
                0x400837bc                esp_console_init
 *fill*         0x40083816        0x0 
 *libzephyr.a:soc_random.*(SORT_BY_ALIGNMENT(.literal) SORT_BY_ALIGNMENT(.text) SORT_BY_ALIGNMENT(.literal.*) SORT_BY_ALIGNMENT(.text.*))
 *fill*         0x40083816        0x2 
 .text.soc_random_enable
                0x40083818      0x1df zephyr/libzephyr.a(soc_random.c.obj)
                                0x1e3 (size before relaxing)
                0x40083818                soc_random_enable
 *fill*         0x400839f7        0x1 
 .text.soc_random_disable
                0x400839f8      0x119 zephyr/libzephyr.a(soc_random.c.obj)
                                0x11d (size before relaxing)
                0x400839f8                soc_random_disable
 *fill*         0x40083b11        0x0 
 *fill*         0x40083b11        0x0 
 *libzephyr.a:soc_init.*(SORT_BY_ALIGNMENT(.literal) SORT_BY_ALIGNMENT(.text) SORT_BY_ALIGNMENT(.literal.*) SORT_BY_ALIGNMENT(.text.*))
 *fill*         0x40083b11        0x3 
 .text.print_banner
                0x40083b14       0x2a zephyr/libzephyr.a(soc_init.c.obj)
                0x40083b14                print_banner
 *fill*         0x40083b3e        0x2 
 .text.read_bootloader_header
                0x40083b40       0x26 zephyr/libzephyr.a(soc_init.c.obj)
                                 0x2a (size before relaxing)
                0x40083b40                read_bootloader_header
 *fill*         0x40083b66        0x2 
 .text.config_wdt
                0x40083b68       0x42 zephyr/libzephyr.a(soc_init.c.obj)
                                 0x56 (size before relaxing)
                0x40083b68                config_wdt
 *fill*         0x40083baa        0x2 
 .text.check_bootloader_validity
                0x40083bac       0xc2 zephyr/libzephyr.a(soc_init.c.obj)
                                 0xd2 (size before relaxing)
                0x40083bac                check_bootloader_validity
 *fill*         0x40083c6e        0x2 
 .text.wdt_reset_info_dump
                0x40083c70       0x62 zephyr/libzephyr.a(soc_init.c.obj)
                0x40083c70                wdt_reset_info_dump
 *fill*         0x40083cd2        0x2 
 .text.wdt_reset_cpu0_info_enable
                0x40083cd4       0x27 zephyr/libzephyr.a(soc_init.c.obj)
                0x40083cd4                wdt_reset_cpu0_info_enable
 *fill*         0x40083cfb        0x1 
 .text.check_wdt_reset
                0x40083cfc       0x2e zephyr/libzephyr.a(soc_init.c.obj)
                                 0x34 (size before relaxing)
                0x40083cfc                check_wdt_reset
 *fill*         0x40083d2a        0x2 
 .text.reset_mmu
                0x40083d2c       0x40 zephyr/libzephyr.a(soc_init.c.obj)
                                 0x44 (size before relaxing)
                0x40083d2c                reset_mmu
 .text.bootloader_clock_configure
                0x40083d6c       0xc2 zephyr/libzephyr.a(soc_init.c.obj)
                                 0xd6 (size before relaxing)
                0x40083d6c                bootloader_clock_configure
 *fill*         0x40083e2e        0x0 
 *fill*         0x40083e2e        0x0 
 *fill*         0x40083e2e        0x0 
 *fill*         0x40083e2e        0x0 
 *fill*         0x40083e2e        0x2 
 .text.soc_hw_init
                0x40083e30        0x5 zephyr/libzephyr.a(soc_init.c.obj)
                0x40083e30                soc_hw_init
 *fill*         0x40083e35        0x0 
 *fill*         0x40083e35        0x0 
 *fill*         0x40083e35        0x3 
 .text.ana_clock_glitch_reset_config
                0x40083e38        0x5 zephyr/libzephyr.a(soc_init.c.obj)
                0x40083e38                ana_clock_glitch_reset_config
 *fill*         0x40083e3d        0x0 
 *libzephyr.a:hw_init.*(SORT_BY_ALIGNMENT(.literal) SORT_BY_ALIGNMENT(.text) SORT_BY_ALIGNMENT(.literal.*) SORT_BY_ALIGNMENT(.text.*))
 *fill*         0x40083e3d        0x3 
 .text.hardware_init
                0x40083e40       0x80 zephyr/libzephyr.a(hw_init.c.obj)
                                 0xa4 (size before relaxing)
                0x40083e40                hardware_init
 *fill*         0x40083ec0        0x0 
 *libzephyr.a:rtc_*.*(SORT_BY_ALIGNMENT(.literal) SORT_BY_ALIGNMENT(.text) SORT_BY_ALIGNMENT(.literal.*) SORT_BY_ALIGNMENT(.text.*))
 .text.rtc_gpio_is_valid_gpio
                0x40083ec0       0x1e zephyr/libzephyr.a(rtc_io.c.obj)
                0x40083ec0                rtc_gpio_is_valid_gpio
 *fill*         0x40083ede        0x2 
 .text.rtc_gpio_pullup_en
                0x40083ee0       0x79 zephyr/libzephyr.a(rtc_io.c.obj)
                                 0x81 (size before relaxing)
                0x40083ee0                rtc_gpio_pullup_en
 *fill*         0x40083f59        0x3 
 .text.rtc_gpio_pullup_dis
                0x40083f5c       0x7d zephyr/libzephyr.a(rtc_io.c.obj)
                                 0x85 (size before relaxing)
                0x40083f5c                rtc_gpio_pullup_dis
 *fill*         0x40083fd9        0x3 
 .text.rtc_gpio_pulldown_en
                0x40083fdc       0x79 zephyr/libzephyr.a(rtc_io.c.obj)
                                 0x81 (size before relaxing)
                0x40083fdc                rtc_gpio_pulldown_en